../Src/STK_program.c:20:6:STK_voidInit	4	static
../Src/STK_program.c:36:6:STK_voidSetBusyWait	24	static
../Src/STK_program.c:63:6:STK_voidSetIntervalPeriodic	32	static
../Src/STK_program.c:90:6:STK_voidSetIntervalSingle	32	static
../Src/STK_program.c:121:6:STK_voidStop	4	static
../Src/STK_program.c:130:6:STK_voidResume	4	static
../Src/STK_program.c:139:6:STK_voidStart	4	static
../Src/STK_program.c:152:5:STK_u32GetElapsedTime	24	static
../Src/STK_program.c:171:5:STK_u32GetRemainingTime	24	static
../Src/STK_program.c:189:6:SysTick_Handler	8	static
