Archive member included to satisfy reference by file (symbol)

c:/st/stm32cubeide_1.12.1/stm32cubeide/plugins/com.st.stm32cube.ide.mcu.externaltools.gnu-tools-for-stm32.10.3-2021.10.win32_1.0.200.202301161003/tools/bin/../lib/gcc/arm-none-eabi/10.3.1/../../../../arm-none-eabi/lib/thumb/v7-m/nofp\libc_nano.a(lib_a-errno.o)
                              ./Src/syscalls.o (__errno)
c:/st/stm32cubeide_1.12.1/stm32cubeide/plugins/com.st.stm32cube.ide.mcu.externaltools.gnu-tools-for-stm32.10.3-2021.10.win32_1.0.200.202301161003/tools/bin/../lib/gcc/arm-none-eabi/10.3.1/../../../../arm-none-eabi/lib/thumb/v7-m/nofp\libc_nano.a(lib_a-exit.o)
                              c:/st/stm32cubeide_1.12.1/stm32cubeide/plugins/com.st.stm32cube.ide.mcu.externaltools.gnu-tools-for-stm32.10.3-2021.10.win32_1.0.200.202301161003/tools/bin/../lib/gcc/arm-none-eabi/10.3.1/../../../../arm-none-eabi/lib/thumb/v7-m/nofp/crt0.o (exit)
c:/st/stm32cubeide_1.12.1/stm32cubeide/plugins/com.st.stm32cube.ide.mcu.externaltools.gnu-tools-for-stm32.10.3-2021.10.win32_1.0.200.202301161003/tools/bin/../lib/gcc/arm-none-eabi/10.3.1/../../../../arm-none-eabi/lib/thumb/v7-m/nofp\libc_nano.a(lib_a-impure.o)
                              c:/st/stm32cubeide_1.12.1/stm32cubeide/plugins/com.st.stm32cube.ide.mcu.externaltools.gnu-tools-for-stm32.10.3-2021.10.win32_1.0.200.202301161003/tools/bin/../lib/gcc/arm-none-eabi/10.3.1/../../../../arm-none-eabi/lib/thumb/v7-m/nofp\libc_nano.a(lib_a-exit.o) (_global_impure_ptr)
c:/st/stm32cubeide_1.12.1/stm32cubeide/plugins/com.st.stm32cube.ide.mcu.externaltools.gnu-tools-for-stm32.10.3-2021.10.win32_1.0.200.202301161003/tools/bin/../lib/gcc/arm-none-eabi/10.3.1/../../../../arm-none-eabi/lib/thumb/v7-m/nofp\libc_nano.a(lib_a-init.o)
                              c:/st/stm32cubeide_1.12.1/stm32cubeide/plugins/com.st.stm32cube.ide.mcu.externaltools.gnu-tools-for-stm32.10.3-2021.10.win32_1.0.200.202301161003/tools/bin/../lib/gcc/arm-none-eabi/10.3.1/../../../../arm-none-eabi/lib/thumb/v7-m/nofp/crt0.o (__libc_init_array)
c:/st/stm32cubeide_1.12.1/stm32cubeide/plugins/com.st.stm32cube.ide.mcu.externaltools.gnu-tools-for-stm32.10.3-2021.10.win32_1.0.200.202301161003/tools/bin/../lib/gcc/arm-none-eabi/10.3.1/../../../../arm-none-eabi/lib/thumb/v7-m/nofp\libc_nano.a(lib_a-memcpy-stub.o)
                              ./FreeRTOS/Source/queue.o (memcpy)
c:/st/stm32cubeide_1.12.1/stm32cubeide/plugins/com.st.stm32cube.ide.mcu.externaltools.gnu-tools-for-stm32.10.3-2021.10.win32_1.0.200.202301161003/tools/bin/../lib/gcc/arm-none-eabi/10.3.1/../../../../arm-none-eabi/lib/thumb/v7-m/nofp\libc_nano.a(lib_a-memset.o)
                              c:/st/stm32cubeide_1.12.1/stm32cubeide/plugins/com.st.stm32cube.ide.mcu.externaltools.gnu-tools-for-stm32.10.3-2021.10.win32_1.0.200.202301161003/tools/bin/../lib/gcc/arm-none-eabi/10.3.1/../../../../arm-none-eabi/lib/thumb/v7-m/nofp/crt0.o (memset)

Discarded input sections

 .text          0x0000000000000000        0x0 c:/st/stm32cubeide_1.12.1/stm32cubeide/plugins/com.st.stm32cube.ide.mcu.externaltools.gnu-tools-for-stm32.10.3-2021.10.win32_1.0.200.202301161003/tools/bin/../lib/gcc/arm-none-eabi/10.3.1/thumb/v7-m/nofp/crti.o
 .data          0x0000000000000000        0x0 c:/st/stm32cubeide_1.12.1/stm32cubeide/plugins/com.st.stm32cube.ide.mcu.externaltools.gnu-tools-for-stm32.10.3-2021.10.win32_1.0.200.202301161003/tools/bin/../lib/gcc/arm-none-eabi/10.3.1/thumb/v7-m/nofp/crti.o
 .bss           0x0000000000000000        0x0 c:/st/stm32cubeide_1.12.1/stm32cubeide/plugins/com.st.stm32cube.ide.mcu.externaltools.gnu-tools-for-stm32.10.3-2021.10.win32_1.0.200.202301161003/tools/bin/../lib/gcc/arm-none-eabi/10.3.1/thumb/v7-m/nofp/crti.o
 .data          0x0000000000000000        0x4 c:/st/stm32cubeide_1.12.1/stm32cubeide/plugins/com.st.stm32cube.ide.mcu.externaltools.gnu-tools-for-stm32.10.3-2021.10.win32_1.0.200.202301161003/tools/bin/../lib/gcc/arm-none-eabi/10.3.1/thumb/v7-m/nofp/crtbegin.o
 .rodata        0x0000000000000000       0x24 c:/st/stm32cubeide_1.12.1/stm32cubeide/plugins/com.st.stm32cube.ide.mcu.externaltools.gnu-tools-for-stm32.10.3-2021.10.win32_1.0.200.202301161003/tools/bin/../lib/gcc/arm-none-eabi/10.3.1/thumb/v7-m/nofp/crtbegin.o
 .text          0x0000000000000000       0x7c c:/st/stm32cubeide_1.12.1/stm32cubeide/plugins/com.st.stm32cube.ide.mcu.externaltools.gnu-tools-for-stm32.10.3-2021.10.win32_1.0.200.202301161003/tools/bin/../lib/gcc/arm-none-eabi/10.3.1/../../../../arm-none-eabi/lib/thumb/v7-m/nofp/crt0.o
 .data          0x0000000000000000        0x0 c:/st/stm32cubeide_1.12.1/stm32cubeide/plugins/com.st.stm32cube.ide.mcu.externaltools.gnu-tools-for-stm32.10.3-2021.10.win32_1.0.200.202301161003/tools/bin/../lib/gcc/arm-none-eabi/10.3.1/../../../../arm-none-eabi/lib/thumb/v7-m/nofp/crt0.o
[...]
Memory Configuration

Name             Origin             Length             Attributes
RAM              0x0000000020000000 0x0000000000005000 xrw
FLASH            0x0000000008000000 0x0000000000010000 xr
*default*        0x0000000000000000 0xffffffffffffffff

Linker script and memory map

LOAD c:/st/stm32cubeide_1.12.1/stm32cubeide/plugins/com.st.stm32cube.ide.mcu.externaltools.gnu-tools-for-stm32.10.3-2021.10.win32_1.0.200.202301161003/tools/bin/../lib/gcc/arm-none-eabi/10.3.1/thumb/v7-m/nofp/crti.o
LOAD c:/st/stm32cubeide_1.12.1/stm32cubeide/plugins/com.st.stm32cube.ide.mcu.externaltools.gnu-tools-for-stm32.10.3-2021.10.win32_1.0.200.202301161003/tools/bin/../lib/gcc/arm-none-eabi/10.3.1/thumb/v7-m/nofp/crtbegin.o
LOAD c:/st/stm32cubeide_1.12.1/stm32cubeide/plugins/com.st.stm32cube.ide.mcu.externaltools.gnu-tools-for-stm32.10.3-2021.10.win32_1.0.200.202301161003/tools/bin/../lib/gcc/arm-none-eabi/10.3.1/../../../../arm-none-eabi/lib/thumb/v7-m/nofp/crt0.o
LOAD ./FreeRTOS/Source/croutine.o
LOAD ./FreeRTOS/Source/event_groups.o
LOAD ./FreeRTOS/Source/list.o
LOAD ./FreeRTOS/Source/queue.o
LOAD ./FreeRTOS/Source/stream_buffer.o
LOAD ./FreeRTOS/Source/tasks.o
LOAD ./FreeRTOS/Source/timers.o
LOAD ./FreeRTOS/Source/portable/GCC/ARM_CM3/port.o
LOAD ./FreeRTOS/Source/portable/MemMang/heap_4.o
LOAD ./Src/Common_function.o
LOAD ./Src/DIO_program.o
LOAD ./Src/LED.o
LOAD ./Src/RCC_program.o
LOAD ./Src/STK_program.o
LOAD ./Src/main.o
LOAD ./Src/syscalls.o
LOAD ./Src/sysmem.o
LOAD ./Startup/startup_stm32f103c8tx.o
START GROUP
LOAD c:/st/stm32cubeide_1.12.1/stm32cubeide/plugins/com.st.stm32cube.ide.mcu.externaltools.gnu-tools-for-stm32.10.3-2021.10.win32_1.0.200.202301161003/tools/bin/../lib/gcc/arm-none-eabi/10.3.1/../../../../arm-none-eabi/lib/thumb/v7-m/nofp\libc_nano.a
LOAD c:/st/stm32cubeide_1.12.1/stm32cubeide/plugins/com.st.stm32cube.ide.mcu.externaltools.gnu-tools-for-stm32.10.3-2021.10.win32_1.0.200.202301161003/tools/bin/../lib/gcc/arm-none-eabi/10.3.1/../../../../arm-none-eabi/lib/thumb/v7-m/nofp\libm.a
END GROUP
START GROUP
LOAD c:/st/stm32cubeide_1.12.1/stm32cubeide/plugins/com.st.stm32cube.ide.mcu.externaltools.gnu-tools-for-stm32.10.3-2021.10.win32_1.0.200.202301161003/tools/bin/../lib/gcc/arm-none-eabi/10.3.1/thumb/v7-m/nofp\libgcc.a
LOAD c:/st/stm32cubeide_1.12.1/stm32cubeide/plugins/com.st.stm32cube.ide.mcu.externaltools.gnu-tools-for-stm32.10.3-2021.10.win32_1.0.200.202301161003/tools/bin/../lib/gcc/arm-none-eabi/10.3.1/../../../../arm-none-eabi/lib/thumb/v7-m/nofp\libc_nano.a
END GROUP
START GROUP
LOAD c:/st/stm32cubeide_1.12.1/stm32cubeide/plugins/com.st.stm32cube.ide.mcu.externaltools.gnu-tools-for-stm32.10.3-2021.10.win32_1.0.200.202301161003/tools/bin/../lib/gcc/arm-none-eabi/10.3.1/thumb/v7-m/nofp\libgcc.a
LOAD c:/st/stm32cubeide_1.12.1/stm32cubeide/plugins/com.st.stm32cube.ide.mcu.externaltools.gnu-tools-for-stm32.10.3-2021.10.win32_1.0.200.202301161003/tools/bin/../lib/gcc/arm-none-eabi/10.3.1/../../../../arm-none-eabi/lib/thumb/v7-m/nofp\libc_nano.a
LOAD c:/st/stm32cubeide_1.12.1/stm32cubeide/plugins/com.st.stm32cube.ide.mcu.externaltools.gnu-tools-for-stm32.10.3-2021.10.win32_1.0.200.202301161003/tools/bin/../lib/gcc/arm-none-eabi/10.3.1/../../../../arm-none-eabi/lib/thumb/v7-m/nofp\libnosys.a
END GROUP
START GROUP
LOAD c:/st/stm32cubeide_1.12.1/stm32cubeide/plugins/com.st.stm32cube.ide.mcu.externaltools.gnu-tools-for-stm32.10.3-2021.10.win32_1.0.200.202301161003/tools/bin/../lib/gcc/arm-none-eabi/10.3.1/thumb/v7-m/nofp\libgcc.a
LOAD c:/st/stm32cubeide_1.12.1/stm32cubeide/plugins/com.st.stm32cube.ide.mcu.externaltools.gnu-tools-for-stm32.10.3-2021.10.win32_1.0.200.202301161003/tools/bin/../lib/gcc/arm-none-eabi/10.3.1/../../../../arm-none-eabi/lib/thumb/v7-m/nofp\libc_nano.a
LOAD c:/st/stm32cubeide_1.12.1/stm32cubeide/plugins/com.st.stm32cube.ide.mcu.externaltools.gnu-tools-for-stm32.10.3-2021.10.win32_1.0.200.202301161003/tools/bin/../lib/gcc/arm-none-eabi/10.3.1/../../../../arm-none-eabi/lib/thumb/v7-m/nofp\libnosys.a
END GROUP
LOAD c:/st/stm32cubeide_1.12.1/stm32cubeide/plugins/com.st.stm32cube.ide.mcu.externaltools.gnu-tools-for-stm32.10.3-2021.10.win32_1.0.200.202301161003/tools/bin/../lib/gcc/arm-none-eabi/10.3.1/thumb/v7-m/nofp/crtend.o
LOAD c:/st/stm32cubeide_1.12.1/stm32cubeide/plugins/com.st.stm32cube.ide.mcu.externaltools.gnu-tools-for-stm32.10.3-2021.10.win32_1.0.200.202301161003/tools/bin/../lib/gcc/arm-none-eabi/10.3.1/thumb/v7-m/nofp/crtn.o
                0x0000000020005000                _estack = (ORIGIN (RAM) + LENGTH (RAM))
                0x0000000000000200                _Min_Heap_Size = 0x200
                0x0000000000000400                _Min_Stack_Size = 0x400

.isr_vector     0x0000000008000000      0x130
                0x0000000008000000                . = ALIGN (0x4)
 *(.isr_vector)
 .isr_vector    0x0000000008000000      0x130 ./Startup/startup_stm32f103c8tx.o
                0x0000000008000000                g_pfnVectors
                0x0000000008000130                . = ALIGN (0x4)

.text           0x0000000008000130     0x195c
                0x0000000008000130                . = ALIGN (0x4)
 *(.text)
 .text          0x0000000008000130       0x40 c:/st/stm32cubeide_1.12.1/stm32cubeide/plugins/com.st.stm32cube.ide.mcu.externaltools.gnu-tools-for-stm32.10.3-2021.10.win32_1.0.200.202301161003/tools/bin/../lib/gcc/arm-none-eabi/10.3.1/thumb/v7-m/nofp/crtbegin.o
 *(.text*)
 .text.vListInitialise
                0x0000000008000170       0x3e ./FreeRTOS/Source/list.o
                0x0000000008000170                vListInitialise
 .text.vListInitialiseItem
                0x00000000080001ae       0x18 ./FreeRTOS/Source/list.o
                0x00000000080001ae                vListInitialiseItem
 .text.vListInsert
                0x00000000080001c6       0x70 ./FreeRTOS/Source/list.o
                0x00000000080001c6                vListInsert
 .text.uxListRemove
                0x0000000008000236       0x52 ./FreeRTOS/Source/list.o
                0x0000000008000236                uxListRemove
 .text.xTaskCreate
                0x0000000008000288       0x8c ./FreeRTOS/Source/tasks.o
                0x0000000008000288                xTaskCreate
 .text.prvInitialiseNewTask
                0x0000000008000314      0x10c ./FreeRTOS/Source/tasks.o
 .text.prvAddNewTaskToReadyList
                0x0000000008000420      0x124 ./FreeRTOS/Source/tasks.o
 .text.vTaskDelay
                0x0000000008000544       0x68 ./FreeRTOS/Source/tasks.o
                0x0000000008000544                vTaskDelay
 .text.vTaskStartScheduler
                0x00000000080005ac       0x98 ./FreeRTOS/Source/tasks.o
                0x00000000080005ac                vTaskStartScheduler
 .text.vTaskSuspendAll
                0x0000000008000644       0x1c ./FreeRTOS/Source/tasks.o
                0x0000000008000644                vTaskSuspendAll
 .text.xTaskResumeAll
                0x0000000008000660      0x1f8 ./FreeRTOS/Source/tasks.o
                0x0000000008000660                xTaskResumeAll
 .text.xTaskIncrementTick
                0x0000000008000858      0x22c ./FreeRTOS/Source/tasks.o
                0x0000000008000858                xTaskIncrementTick
 .text.vTaskSwitchContext
                0x0000000008000a84       0xb4 ./FreeRTOS/Source/tasks.o
                0x0000000008000a84                vTaskSwitchContext
 .text.prvIdleTask
                0x0000000008000b38       0x30 ./FreeRTOS/Source/tasks.o
 .text.prvInitialiseTaskLists
                0x0000000008000b68       0x80 ./FreeRTOS/Source/tasks.o
 .text.prvCheckTasksWaitingTermination
                0x0000000008000be8       0x5c ./FreeRTOS/Source/tasks.o
 .text.prvDeleteTCB
                0x0000000008000c44       0x20 ./FreeRTOS/Source/tasks.o
 .text.prvResetNextTaskUnblockTime
                0x0000000008000c64       0x34 ./FreeRTOS/Source/tasks.o
 .text.prvAddCurrentTaskToDelayedList
                0x0000000008000c98      0x100 ./FreeRTOS/Source/tasks.o
 .text.pxPortInitialiseStack
                0x0000000008000d98       0x58 ./FreeRTOS/Source/portable/GCC/ARM_CM3/port.o
                0x0000000008000d98                pxPortInitialiseStack
 .text.prvTaskExitError
                0x0000000008000df0       0x58 ./FreeRTOS/Source/portable/GCC/ARM_CM3/port.o
 *fill*         0x0000000008000e48        0x8 
 .text.SVC_Handler
                0x0000000008000e50       0x28 ./FreeRTOS/Source/portable/GCC/ARM_CM3/port.o
                0x0000000008000e50                SVC_Handler
 .text.prvPortStartFirstTask
                0x0000000008000e78       0x24 ./FreeRTOS/Source/portable/GCC/ARM_CM3/port.o
 .text.xPortStartScheduler
                0x0000000008000e9c       0xe4 ./FreeRTOS/Source/portable/GCC/ARM_CM3/port.o
                0x0000000008000e9c                xPortStartScheduler
 .text.vPortEnterCritical
                0x0000000008000f80       0x60 ./FreeRTOS/Source/portable/GCC/ARM_CM3/port.o
                0x0000000008000f80                vPortEnterCritical
 .text.vPortExitCritical
                0x0000000008000fe0       0x50 ./FreeRTOS/Source/portable/GCC/ARM_CM3/port.o
                0x0000000008000fe0                vPortExitCritical
 .text.PendSV_Handler
                0x0000000008001030       0x48 ./FreeRTOS/Source/portable/GCC/ARM_CM3/port.o
                0x0000000008001030                PendSV_Handler
 .text.SysTick_Handler
                0x0000000008001078       0x44 ./FreeRTOS/Source/portable/GCC/ARM_CM3/port.o
                0x0000000008001078                SysTick_Handler
 .text.vPortSetupTimerInterrupt
                0x00000000080010bc       0x34 ./FreeRTOS/Source/portable/GCC/ARM_CM3/port.o
                0x00000000080010bc                vPortSetupTimerInterrupt
 .text.pvPortMalloc
                0x00000000080010f0      0x174 ./FreeRTOS/Source/portable/MemMang/heap_4.o
                0x00000000080010f0                pvPortMalloc
 .text.vPortFree
                0x0000000008001264       0xb8 ./FreeRTOS/Source/portable/MemMang/heap_4.o
                0x0000000008001264                vPortFree
 .text.prvHeapInit
                0x000000000800131c       0xb8 ./FreeRTOS/Source/portable/MemMang/heap_4.o
 .text.prvInsertBlockIntoFreeList
                0x00000000080013d4       0xb0 ./FreeRTOS/Source/portable/MemMang/heap_4.o
 .text._delay_ms
                0x0000000008001484       0x32 ./Src/Common_function.o
                0x0000000008001484                _delay_ms
 *fill*         0x00000000080014b6        0x2 
 .text.DIO_voidSetPinDirection
                0x00000000080014b8      0x1a4 ./Src/DIO_program.o
                0x00000000080014b8                DIO_voidSetPinDirection
 .text.DIO_voidSetPinValue
                0x000000000800165c       0xc0 ./Src/DIO_program.o
                0x000000000800165c                DIO_voidSetPinValue
 .text.LED_init
                0x000000000800171c       0x24 ./Src/LED.o
                0x000000000800171c                LED_init
 .text.LED_on   0x0000000008001740       0x24 ./Src/LED.o
                0x0000000008001740                LED_on
 .text.LED_off  0x0000000008001764       0x24 ./Src/LED.o
                0x0000000008001764                LED_off
 .text.LED_toggle
                0x0000000008001788       0x38 ./Src/LED.o
                0x0000000008001788                LED_toggle
 .text.RCC_voidSysClkInt
                0x00000000080017c0       0x6c ./Src/RCC_program.o
                0x00000000080017c0                RCC_voidSysClkInt
 .text.RCC_voidEnablePerClk
                0x000000000800182c       0x84 ./Src/RCC_program.o
                0x000000000800182c                RCC_voidEnablePerClk
 .text.STK_voidInit
                0x00000000080018b0       0x18 ./Src/STK_program.o
                0x00000000080018b0                STK_voidInit
 .text.STK_voidSetBusyWait
                0x00000000080018c8       0x50 ./Src/STK_program.o
                0x00000000080018c8                STK_voidSetBusyWait
 .text.main     0x0000000008001918       0x7c ./Src/main.o
                0x0000000008001918                main
 .text.vRedLEDTask
                0x0000000008001994       0x1a ./Src/main.o
                0x0000000008001994                vRedLEDTask
 .text.vGreenLEDTask
                0x00000000080019ae       0x1a ./Src/main.o
                0x00000000080019ae                vGreenLEDTask
 .text.Reset_Handler
                0x00000000080019c8       0x50 ./Startup/startup_stm32f103c8tx.o
                0x00000000080019c8                Reset_Handler
 .text.Default_Handler
                0x0000000008001a18        0x2 ./Startup/startup_stm32f103c8tx.o
                0x0000000008001a18                EXTI2_IRQHandler
                0x0000000008001a18                TIM8_TRG_COM_IRQHandler
                0x0000000008001a18                TIM8_CC_IRQHandler
                0x0000000008001a18                DebugMon_Handler
                0x0000000008001a18                TIM1_CC_IRQHandler
                0x0000000008001a18                HardFault_Handler
                0x0000000008001a18                TIM6_IRQHandler
                0x0000000008001a18                PVD_IRQHandler
                0x0000000008001a18                SDIO_IRQHandler
                0x0000000008001a18                NMI_Handler
                0x0000000008001a18                EXTI3_IRQHandler
                0x0000000008001a18                USB_HP_CAN_TX_IRQHandler
                0x0000000008001a18                EXTI0_IRQHandler
                0x0000000008001a18                I2C2_EV_IRQHandler
                0x0000000008001a18                UsageFault_Handler
                0x0000000008001a18                ADC1_2_IRQHandler
                0x0000000008001a18                SPI1_IRQHandler
                0x0000000008001a18                CAN_SCE_IRQHandler
                0x0000000008001a18                TAMPER_IRQHandler
                0x0000000008001a18                TIM8_UP_IRQHandler
                0x0000000008001a18                DMA2_Channel2_IRQHandler
                0x0000000008001a18                DMA1_Channel4_IRQHandler
                0x0000000008001a18                USART3_IRQHandler
                0x0000000008001a18                RTC_IRQHandler
                0x0000000008001a18                DMA1_Channel7_IRQHandler
                0x0000000008001a18                UART5_IRQHandler
                0x0000000008001a18                ADC3_IRQHandler
                0x0000000008001a18                TIM4_IRQHandler
                0x0000000008001a18                CAN_RX1_IRQHandler
                0x0000000008001a18                DMA2_Channel1_IRQHandler
                0x0000000008001a18                I2C1_EV_IRQHandler
                0x0000000008001a18                DMA1_Channel6_IRQHandler
                0x0000000008001a18                UART4_IRQHandler
                0x0000000008001a18                TIM3_IRQHandler
                0x0000000008001a18                RCC_IRQHandler
                0x0000000008001a18                TIM1_TRG_COM_IRQHandler
                0x0000000008001a18                DMA1_Channel1_IRQHandler
                0x0000000008001a18                Default_Handler
                0x0000000008001a18                EXTI15_10_IRQHandler
                0x0000000008001a18                TIM7_IRQHandler
                0x0000000008001a18                TIM5_IRQHandler
                0x0000000008001a18                EXTI9_5_IRQHandler
                0x0000000008001a18                SPI2_IRQHandler
                0x0000000008001a18                USB_LP_CAN_RX0_IRQHandler
                0x0000000008001a18                MemManage_Handler
                0x0000000008001a18                DMA1_Channel5_IRQHandler
                0x0000000008001a18                EXTI4_IRQHandler
                0x0000000008001a18                DMA1_Channel3_IRQHandler
                0x0000000008001a18                FSMC_IRQHandler
                0x0000000008001a18                TIM1_UP_IRQHandler
                0x0000000008001a18                WWDG_IRQHandler
                0x0000000008001a18                TIM2_IRQHandler
                0x0000000008001a18                TIM1_BRK_IRQHandler
                0x0000000008001a18                EXTI1_IRQHandler
                0x0000000008001a18                RTCAlarm_IRQHandler
                0x0000000008001a18                DMA2_Channel4_5_IRQHandler
                0x0000000008001a18                USART2_IRQHandler
                0x0000000008001a18                I2C2_ER_IRQHandler
                0x0000000008001a18                DMA1_Channel2_IRQHandler
                0x0000000008001a18                TIM8_BRK_IRQHandler
                0x0000000008001a18                FLASH_IRQHandler
                0x0000000008001a18                BusFault_Handler
                0x0000000008001a18                USART1_IRQHandler
                0x0000000008001a18                SPI3_IRQHandler
                0x0000000008001a18                I2C1_ER_IRQHandler
                0x0000000008001a18                DMA2_Channel3_IRQHandler
 *fill*         0x0000000008001a1a        0x2 
 .text.__libc_init_array
                0x0000000008001a1c       0x48 c:/st/stm32cubeide_1.12.1/stm32cubeide/plugins/com.st.stm32cube.ide.mcu.externaltools.gnu-tools-for-stm32.10.3-2021.10.win32_1.0.200.202301161003/tools/bin/../lib/gcc/arm-none-eabi/10.3.1/../../../../arm-none-eabi/lib/thumb/v7-m/nofp\libc_nano.a(lib_a-init.o)
                0x0000000008001a1c                __libc_init_array
 .text.memset   0x0000000008001a64       0x10 c:/st/stm32cubeide_1.12.1/stm32cubeide/plugins/com.st.stm32cube.ide.mcu.externaltools.gnu-tools-for-stm32.10.3-2021.10.win32_1.0.200.202301161003/tools/bin/../lib/gcc/arm-none-eabi/10.3.1/../../../../arm-none-eabi/lib/thumb/v7-m/nofp\libc_nano.a(lib_a-memset.o)
                0x0000000008001a64                memset
 *(.glue_7)
 .glue_7        0x0000000008001a74        0x0 linker stubs
 *(.glue_7t)
 .glue_7t       0x0000000008001a74        0x0 linker stubs
 *(.eh_frame)
 .eh_frame      0x0000000008001a74        0x0 c:/st/stm32cubeide_1.12.1/stm32cubeide/plugins/com.st.stm32cube.ide.mcu.externaltools.gnu-tools-for-stm32.10.3-2021.10.win32_1.0.200.202301161003/tools/bin/../lib/gcc/arm-none-eabi/10.3.1/thumb/v7-m/nofp/crtbegin.o
 *(.init)
 .init          0x0000000008001a74        0x4 c:/st/stm32cubeide_1.12.1/stm32cubeide/plugins/com.st.stm32cube.ide.mcu.externaltools.gnu-tools-for-stm32.10.3-2021.10.win32_1.0.200.202301161003/tools/bin/../lib/gcc/arm-none-eabi/10.3.1/thumb/v7-m/nofp/crti.o
                0x0000000008001a74                _init
 .init          0x0000000008001a78        0x8 c:/st/stm32cubeide_1.12.1/stm32cubeide/plugins/com.st.stm32cube.ide.mcu.externaltools.gnu-tools-for-stm32.10.3-2021.10.win32_1.0.200.202301161003/tools/bin/../lib/gcc/arm-none-eabi/10.3.1/thumb/v7-m/nofp/crtn.o
 *(.fini)
 .fini          0x0000000008001a80        0x4 c:/st/stm32cubeide_1.12.1/stm32cubeide/plugins/com.st.stm32cube.ide.mcu.externaltools.gnu-tools-for-stm32.10.3-2021.10.win32_1.0.200.202301161003/tools/bin/../lib/gcc/arm-none-eabi/10.3.1/thumb/v7-m/nofp/crti.o
                0x0000000008001a80                _fini
 .fini          0x0000000008001a84        0x8 c:/st/stm32cubeide_1.12.1/stm32cubeide/plugins/com.st.stm32cube.ide.mcu.externaltools.gnu-tools-for-stm32.10.3-2021.10.win32_1.0.200.202301161003/tools/bin/../lib/gcc/arm-none-eabi/10.3.1/thumb/v7-m/nofp/crtn.o
                0x0000000008001a8c                . = ALIGN (0x4)
                0x0000000008001a8c                _etext = .

.vfp11_veneer   0x0000000008001a8c        0x0
 .vfp11_veneer  0x0000000008001a8c        0x0 linker stubs

.v4_bx          0x0000000008001a8c        0x0
 .v4_bx         0x0000000008001a8c        0x0 linker stubs

.iplt           0x0000000008001a8c        0x0
 .iplt          0x0000000008001a8c        0x0 c:/st/stm32cubeide_1.12.1/stm32cubeide/plugins/com.st.stm32cube.ide.mcu.externaltools.gnu-tools-for-stm32.10.3-2021.10.win32_1.0.200.202301161003/tools/bin/../lib/gcc/arm-none-eabi/10.3.1/thumb/v7-m/nofp/crtbegin.o

.rodata         0x0000000008001a8c       0x28
                0x0000000008001a8c                . = ALIGN (0x4)
 *(.rodata)
 .rodata        0x0000000008001a8c        0x5 ./FreeRTOS/Source/tasks.o
 *fill*         0x0000000008001a91        0x3 
 .rodata        0x0000000008001a94       0x1f ./Src/main.o
 *(.rodata*)
                0x0000000008001ab4                . = ALIGN (0x4)
 *fill*         0x0000000008001ab3        0x1 

.rel.dyn        0x0000000008001ab4        0x0
 .rel.iplt      0x0000000008001ab4        0x0 c:/st/stm32cubeide_1.12.1/stm32cubeide/plugins/com.st.stm32cube.ide.mcu.externaltools.gnu-tools-for-stm32.10.3-2021.10.win32_1.0.200.202301161003/tools/bin/../lib/gcc/arm-none-eabi/10.3.1/thumb/v7-m/nofp/crtbegin.o

.ARM.extab      0x0000000008001ab4        0x0
                0x0000000008001ab4                . = ALIGN (0x4)
 *(.ARM.extab* .gnu.linkonce.armextab.*)
                0x0000000008001ab4                . = ALIGN (0x4)

.ARM            0x0000000008001ab4        0x0
                0x0000000008001ab4                . = ALIGN (0x4)
                0x0000000008001ab4                __exidx_start = .
 *(.ARM.exidx*)
                0x0000000008001ab4                __exidx_end = .
                0x0000000008001ab4                . = ALIGN (0x4)

.preinit_array  0x0000000008001ab4        0x0
                0x0000000008001ab4                . = ALIGN (0x4)
                0x0000000008001ab4                PROVIDE (__preinit_array_start = .)
 *(.preinit_array*)
                0x0000000008001ab4                PROVIDE (__preinit_array_end = .)
                0x0000000008001ab4                . = ALIGN (0x4)

.init_array     0x0000000008001ab4        0x4
                0x0000000008001ab4                . = ALIGN (0x4)
                0x0000000008001ab4                PROVIDE (__init_array_start = .)
 *(SORT_BY_NAME(.init_array.*))
 *(.init_array*)
 .init_array    0x0000000008001ab4        0x4 c:/st/stm32cubeide_1.12.1/stm32cubeide/plugins/com.st.stm32cube.ide.mcu.externaltools.gnu-tools-for-stm32.10.3-2021.10.win32_1.0.200.202301161003/tools/bin/../lib/gcc/arm-none-eabi/10.3.1/thumb/v7-m/nofp/crtbegin.o
                0x0000000008001ab8                PROVIDE (__init_array_end = .)
                0x0000000008001ab8                . = ALIGN (0x4)

.fini_array     0x0000000008001ab8        0x4
                0x0000000008001ab8                . = ALIGN (0x4)
                [!provide]                        PROVIDE (__fini_array_start = .)
 *(SORT_BY_NAME(.fini_array.*))
 *(.fini_array*)
 .fini_array    0x0000000008001ab8        0x4 c:/st/stm32cubeide_1.12.1/stm32cubeide/plugins/com.st.stm32cube.ide.mcu.externaltools.gnu-tools-for-stm32.10.3-2021.10.win32_1.0.200.202301161003/tools/bin/../lib/gcc/arm-none-eabi/10.3.1/thumb/v7-m/nofp/crtbegin.o
                [!provide]                        PROVIDE (__fini_array_end = .)
                0x0000000008001abc                . = ALIGN (0x4)
                0x0000000008001abc                _sidata = LOADADDR (.data)

.data           0x0000000020000000        0x8 load address 0x0000000008001abc
                0x0000000020000000                . = ALIGN (0x4)
                0x0000000020000000                _sdata = .
 *(.data)
 *(.data*)
 .data.uxTopUsedPriority
                0x0000000020000000        0x4 ./FreeRTOS/Source/tasks.o
                0x0000000020000000                uxTopUsedPriority
 .data.uxCriticalNesting
                0x0000000020000004        0x4 ./FreeRTOS/Source/portable/GCC/ARM_CM3/port.o
 *(.RamFunc)
 *(.RamFunc*)
                0x0000000020000008                . = ALIGN (0x4)
                0x0000000020000008                _edata = .

.igot.plt       0x0000000020000008        0x0 load address 0x0000000008001ac4
 .igot.plt      0x0000000020000008        0x0 c:/st/stm32cubeide_1.12.1/stm32cubeide/plugins/com.st.stm32cube.ide.mcu.externaltools.gnu-tools-for-stm32.10.3-2021.10.win32_1.0.200.202301161003/tools/bin/../lib/gcc/arm-none-eabi/10.3.1/thumb/v7-m/nofp/crtbegin.o
                0x0000000020000008                . = ALIGN (0x4)

.bss            0x0000000020000008     0x214c load address 0x0000000008001ac4
                0x0000000020000008                _sbss = .
                0x0000000020000008                __bss_start__ = _sbss
 *(.bss)
 .bss           0x0000000020000008       0x1c c:/st/stm32cubeide_1.12.1/stm32cubeide/plugins/com.st.stm32cube.ide.mcu.externaltools.gnu-tools-for-stm32.10.3-2021.10.win32_1.0.200.202301161003/tools/bin/../lib/gcc/arm-none-eabi/10.3.1/thumb/v7-m/nofp/crtbegin.o
 *(.bss*)
 .bss.pxCurrentTCB
                0x0000000020000024        0x4 ./FreeRTOS/Source/tasks.o
                0x0000000020000024                pxCurrentTCB
 .bss.pxReadyTasksLists
                0x0000000020000028       0x64 ./FreeRTOS/Source/tasks.o
 .bss.xDelayedTaskList1
                0x000000002000008c       0x14 ./FreeRTOS/Source/tasks.o
 .bss.xDelayedTaskList2
                0x00000000200000a0       0x14 ./FreeRTOS/Source/tasks.o
 .bss.pxDelayedTaskList
                0x00000000200000b4        0x4 ./FreeRTOS/Source/tasks.o
 .bss.pxOverflowDelayedTaskList
                0x00000000200000b8        0x4 ./FreeRTOS/Source/tasks.o
 .bss.xPendingReadyList
                0x00000000200000bc       0x14 ./FreeRTOS/Source/tasks.o
 .bss.xTasksWaitingTermination
                0x00000000200000d0       0x14 ./FreeRTOS/Source/tasks.o
 .bss.uxDeletedTasksWaitingCleanUp
                0x00000000200000e4        0x4 ./FreeRTOS/Source/tasks.o
 .bss.xSuspendedTaskList
                0x00000000200000e8       0x14 ./FreeRTOS/Source/tasks.o
 .bss.uxCurrentNumberOfTasks
                0x00000000200000fc        0x4 ./FreeRTOS/Source/tasks.o
 .bss.xTickCount
                0x0000000020000100        0x4 ./FreeRTOS/Source/tasks.o
 .bss.uxTopReadyPriority
                0x0000000020000104        0x4 ./FreeRTOS/Source/tasks.o
 .bss.xSchedulerRunning
                0x0000000020000108        0x4 ./FreeRTOS/Source/tasks.o
 .bss.xPendedTicks
                0x000000002000010c        0x4 ./FreeRTOS/Source/tasks.o
 .bss.xYieldPending
                0x0000000020000110        0x4 ./FreeRTOS/Source/tasks.o
 .bss.xNumOfOverflows
                0x0000000020000114        0x4 ./FreeRTOS/Source/tasks.o
 .bss.uxTaskNumber
                0x0000000020000118        0x4 ./FreeRTOS/Source/tasks.o
 .bss.xNextTaskUnblockTime
                0x000000002000011c        0x4 ./FreeRTOS/Source/tasks.o
 .bss.xIdleTaskHandle
                0x0000000020000120        0x4 ./FreeRTOS/Source/tasks.o
 .bss.uxSchedulerSuspended
                0x0000000020000124        0x4 ./FreeRTOS/Source/tasks.o
 .bss.ucMaxSysCallPriority
                0x0000000020000128        0x1 ./FreeRTOS/Source/portable/GCC/ARM_CM3/port.o
 *fill*         0x0000000020000129        0x3 
 .bss.ulMaxPRIGROUPValue
                0x000000002000012c        0x4 ./FreeRTOS/Source/portable/GCC/ARM_CM3/port.o
 .bss.ucHeap    0x0000000020000130     0x2000 ./FreeRTOS/Source/portable/MemMang/heap_4.o
 .bss.xStart    0x0000000020002130        0x8 ./FreeRTOS/Source/portable/MemMang/heap_4.o
 .bss.pxEnd     0x0000000020002138        0x4 ./FreeRTOS/Source/portable/MemMang/heap_4.o
 .bss.xFreeBytesRemaining
                0x000000002000213c        0x4 ./FreeRTOS/Source/portable/MemMang/heap_4.o
 .bss.xMinimumEverFreeBytesRemaining
                0x0000000020002140        0x4 ./FreeRTOS/Source/portable/MemMang/heap_4.o
 .bss.xNumberOfSuccessfulAllocations
                0x0000000020002144        0x4 ./FreeRTOS/Source/portable/MemMang/heap_4.o
 .bss.xNumberOfSuccessfulFrees
                0x0000000020002148        0x4 ./FreeRTOS/Source/portable/MemMang/heap_4.o
 .bss.xRedLEDTaskHandle
                0x000000002000214c        0x4 ./Src/main.o
                0x000000002000214c                xRedLEDTaskHandle
 .bss.xGreenLEDTaskHandle
                0x0000000020002150        0x4 ./Src/main.o
                0x0000000020002150                xGreenLEDTaskHandle
 *(COMMON)
                0x0000000020002154                . = ALIGN (0x4)
                0x0000000020002154                _ebss = .
                0x0000000020002154                __bss_end__ = _ebss

._user_heap_stack
                0x0000000020002154      0x604 load address 0x0000000008001ac4
                0x0000000020002158                . = ALIGN (0x8)
 *fill*         0x0000000020002154        0x4 
                [!provide]                        PROVIDE (end = .)
                0x0000000020002158                PROVIDE (_end = .)
                0x0000000020002358                . = (. + _Min_Heap_Size)
 *fill*         0x0000000020002158      0x200 
                0x0000000020002758                . = (. + _Min_Stack_Size)
 *fill*         0x0000000020002358      0x400 
                0x0000000020002758                . = ALIGN (0x8)

/DISCARD/
 libc.a(*)
 libm.a(*)
 libgcc.a(*)

.ARM.attributes
                0x0000000000000000       0x29
 *(.ARM.attributes)
 .ARM.attributes
                0x0000000000000000       0x1d c:/st/stm32cubeide_1.12.1/stm32cubeide/plugins/com.st.stm32cube.ide.mcu.externaltools.gnu-tools-for-stm32.10.3-2021.10.win32_1.0.200.202301161003/tools/bin/../lib/gcc/arm-none-eabi/10.3.1/thumb/v7-m/nofp/crti.o
 .ARM.attributes
                0x000000000000001d       0x2d c:/st/stm32cubeide_1.12.1/stm32cubeide/plugins/com.st.stm32cube.ide.mcu.externaltools.gnu-tools-for-stm32.10.3-2021.10.win32_1.0.200.202301161003/tools/bin/../lib/gcc/arm-none-eabi/10.3.1/thumb/v7-m/nofp/crtbegin.o
 .ARM.attributes
                0x000000000000004a       0x2d ./FreeRTOS/Source/list.o
 .ARM.attributes
                0x0000000000000077       0x2d ./FreeRTOS/Source/tasks.o
 .ARM.attributes
                0x00000000000000a4       0x2d ./FreeRTOS/Source/portable/GCC/ARM_CM3/port.o
 .ARM.attributes
                0x00000000000000d1       0x2d ./FreeRTOS/Source/portable/MemMang/heap_4.o
 .ARM.attributes
                0x00000000000000fe       0x2d ./Src/Common_function.o
 .ARM.attributes
                0x000000000000012b       0x2d ./Src/DIO_program.o
 .ARM.attributes
                0x0000000000000158       0x2d ./Src/LED.o
 .ARM.attributes
                0x0000000000000185       0x2d ./Src/RCC_program.o
 .ARM.attributes
                0x00000000000001b2       0x2d ./Src/STK_program.o
 .ARM.attributes
                0x00000000000001df       0x2d ./Src/main.o
 .ARM.attributes
                0x000000000000020c       0x21 ./Startup/startup_stm32f103c8tx.o
 .ARM.attributes
                0x000000000000022d       0x2d c:/st/stm32cubeide_1.12.1/stm32cubeide/plugins/com.st.stm32cube.ide.mcu.externaltools.gnu-tools-for-stm32.10.3-2021.10.win32_1.0.200.202301161003/tools/bin/../lib/gcc/arm-none-eabi/10.3.1/../../../../arm-none-eabi/lib/thumb/v7-m/nofp\libc_nano.a(lib_a-init.o)
 .ARM.attributes
                0x000000000000025a       0x2d c:/st/stm32cubeide_1.12.1/stm32cubeide/plugins/com.st.stm32cube.ide.mcu.externaltools.gnu-tools-for-stm32.10.3-2021.10.win32_1.0.200.202301161003/tools/bin/../lib/gcc/arm-none-eabi/10.3.1/../../../../arm-none-eabi/lib/thumb/v7-m/nofp\libc_nano.a(lib_a-memset.o)
 .ARM.attributes
                0x0000000000000287       0x1d c:/st/stm32cubeide_1.12.1/stm32cubeide/plugins/com.st.stm32cube.ide.mcu.externaltools.gnu-tools-for-stm32.10.3-2021.10.win32_1.0.200.202301161003/tools/bin/../lib/gcc/arm-none-eabi/10.3.1/thumb/v7-m/nofp/crtn.o
OUTPUT(RTOS_lab001.elf elf32-littlearm)
LOAD linker stubs
LOAD c:/st/stm32cubeide_1.12.1/stm32cubeide/plugins/com.st.stm32cube.ide.mcu.externaltools.gnu-tools-for-stm32.10.3-2021.10.win32_1.0.200.202301161003/tools/bin/../lib/gcc/arm-none-eabi/10.3.1/../../../../arm-none-eabi/lib/thumb/v7-m/nofp\libc.a
LOAD c:/st/stm32cubeide_1.12.1/stm32cubeide/plugins/com.st.stm32cube.ide.mcu.externaltools.gnu-tools-for-stm32.10.3-2021.10.win32_1.0.200.202301161003/tools/bin/../lib/gcc/arm-none-eabi/10.3.1/../../../../arm-none-eabi/lib/thumb/v7-m/nofp\libm.a
LOAD c:/st/stm32cubeide_1.12.1/stm32cubeide/plugins/com.st.stm32cube.ide.mcu.externaltools.gnu-tools-for-stm32.10.3-2021.10.win32_1.0.200.202301161003/tools/bin/../lib/gcc/arm-none-eabi/10.3.1/thumb/v7-m/nofp\libgcc.a

.debug_info     0x0000000000000000     0x3836
 .debug_info    0x0000000000000000      0x2d1 ./FreeRTOS/Source/list.o
 .debug_info    0x00000000000002d1     0x20e3 ./FreeRTOS/Source/tasks.o
 .debug_info    0x00000000000023b4      0x4ab ./FreeRTOS/Source/portable/GCC/ARM_CM3/port.o
 .debug_info    0x000000000000285f      0x556 ./FreeRTOS/Source/portable/MemMang/heap_4.o
 .debug_info    0x0000000000002db5       0xab ./Src/Common_function.o
 .debug_info    0x0000000000002e60      0x278 ./Src/DIO_program.o
 .debug_info    0x00000000000030d8      0x1a1 ./Src/LED.o
 .debug_info    0x0000000000003279      0x103 ./Src/RCC_program.o
 .debug_info    0x000000000000337c      0x202 ./Src/STK_program.o
 .debug_info    0x000000000000357e      0x296 ./Src/main.o
 .debug_info    0x0000000000003814       0x22 ./Startup/startup_stm32f103c8tx.o

.debug_abbrev   0x0000000000000000      0xdb8
 .debug_abbrev  0x0000000000000000       0xf2 ./FreeRTOS/Source/list.o
 .debug_abbrev  0x00000000000000f2      0x33b ./FreeRTOS/Source/tasks.o
 .debug_abbrev  0x000000000000042d      0x244 ./FreeRTOS/Source/portable/GCC/ARM_CM3/port.o
 .debug_abbrev  0x0000000000000671      0x24e ./FreeRTOS/Source/portable/MemMang/heap_4.o
 .debug_abbrev  0x00000000000008bf       0x78 ./Src/Common_function.o
 .debug_abbrev  0x0000000000000937       0xe8 ./Src/DIO_program.o
 .debug_abbrev  0x0000000000000a1f       0x9f ./Src/LED.o
 .debug_abbrev  0x0000000000000abe       0x83 ./Src/RCC_program.o
 .debug_abbrev  0x0000000000000b41      0x10f ./Src/STK_program.o
 .debug_abbrev  0x0000000000000c50      0x156 ./Src/main.o
 .debug_abbrev  0x0000000000000da6       0x12 ./Startup/startup_stm32f103c8tx.o

.debug_aranges  0x0000000000000000      0x440
 .debug_aranges
                0x0000000000000000       0x40 ./FreeRTOS/Source/list.o
 .debug_aranges
                0x0000000000000040      0x1b0 ./FreeRTOS/Source/tasks.o
 .debug_aranges
                0x00000000000001f0       0x78 ./FreeRTOS/Source/portable/GCC/ARM_CM3/port.o
 .debug_aranges
                0x0000000000000268       0x60 ./FreeRTOS/Source/portable/MemMang/heap_4.o
 .debug_aranges
                0x00000000000002c8       0x20 ./Src/Common_function.o
 .debug_aranges
                0x00000000000002e8       0x48 ./Src/DIO_program.o
 .debug_aranges
                0x0000000000000330       0x38 ./Src/LED.o
 .debug_aranges
                0x0000000000000368       0x30 ./Src/RCC_program.o
 .debug_aranges
                0x0000000000000398       0x50 ./Src/STK_program.o
 .debug_aranges
                0x00000000000003e8       0x30 ./Src/main.o
 .debug_aranges
                0x0000000000000418       0x28 ./Startup/startup_stm32f103c8tx.o

.debug_ranges   0x0000000000000000      0x398
 .debug_ranges  0x0000000000000000       0x30 ./FreeRTOS/Source/list.o
 .debug_ranges  0x0000000000000030      0x1a0 ./FreeRTOS/Source/tasks.o
 .debug_ranges  0x00000000000001d0       0x68 ./FreeRTOS/Source/portable/GCC/ARM_CM3/port.o
 .debug_ranges  0x0000000000000238       0x50 ./FreeRTOS/Source/portable/MemMang/heap_4.o
 .debug_ranges  0x0000000000000288       0x10 ./Src/Common_function.o
 .debug_ranges  0x0000000000000298       0x38 ./Src/DIO_program.o
 .debug_ranges  0x00000000000002d0       0x28 ./Src/LED.o
 .debug_ranges  0x00000000000002f8       0x20 ./Src/RCC_program.o
 .debug_ranges  0x0000000000000318       0x40 ./Src/STK_program.o
 .debug_ranges  0x0000000000000358       0x20 ./Src/main.o
 .debug_ranges  0x0000000000000378       0x20 ./Startup/startup_stm32f103c8tx.o

.debug_macro    0x0000000000000000      0xd9b
 .debug_macro   0x0000000000000000      0x198 ./FreeRTOS/Source/list.o
 .debug_macro   0x0000000000000198      0x27e ./FreeRTOS/Source/tasks.o
 .debug_macro   0x0000000000000416       0x17 ./FreeRTOS/Source/tasks.o
 .debug_macro   0x000000000000042d      0x183 ./FreeRTOS/Source/portable/GCC/ARM_CM3/port.o
 .debug_macro   0x00000000000005b0      0x219 ./FreeRTOS/Source/portable/MemMang/heap_4.o
 .debug_macro   0x00000000000007c9       0x2e ./Src/Common_function.o
 .debug_macro   0x00000000000007f7       0x2e ./Src/Common_function.o
 .debug_macro   0x0000000000000825       0x4e ./Src/DIO_program.o
 .debug_macro   0x0000000000000873      0x112 ./Src/DIO_program.o
 .debug_macro   0x0000000000000985       0xb2 ./Src/DIO_program.o
 .debug_macro   0x0000000000000a37       0x46 ./Src/LED.o
 .debug_macro   0x0000000000000a7d       0x16 ./Src/LED.o
 .debug_macro   0x0000000000000a93       0x51 ./Src/RCC_program.o
 .debug_macro   0x0000000000000ae4       0x1c ./Src/RCC_program.o
 .debug_macro   0x0000000000000b00       0xca ./Src/RCC_program.o
 .debug_macro   0x0000000000000bca       0x28 ./Src/RCC_program.o
 .debug_macro   0x0000000000000bf2       0x50 ./Src/STK_program.o
 .debug_macro   0x0000000000000c42       0x28 ./Src/STK_program.o
 .debug_macro   0x0000000000000c6a       0x10 ./Src/STK_program.o
 .debug_macro   0x0000000000000c7a      0x121 ./Src/main.o

.debug_line     0x0000000000000000     0x4361
 .debug_line    0x0000000000000000      0x787 ./FreeRTOS/Source/list.o
 .debug_line    0x0000000000000787     0x1aad ./FreeRTOS/Source/tasks.o
 .debug_line    0x0000000000002234      0x809 ./FreeRTOS/Source/portable/GCC/ARM_CM3/port.o
 .debug_line    0x0000000000002a3d      0xa0b ./FreeRTOS/Source/portable/MemMang/heap_4.o
 .debug_line    0x0000000000003448       0xa6 ./Src/Common_function.o
 .debug_line    0x00000000000034ee      0x412 ./Src/DIO_program.o
 .debug_line    0x0000000000003900       0xe8 ./Src/LED.o
 .debug_line    0x00000000000039e8      0x143 ./Src/RCC_program.o
 .debug_line    0x0000000000003b2b      0x1a7 ./Src/STK_program.o
 .debug_line    0x0000000000003cd2      0x60b ./Src/main.o
 .debug_line    0x00000000000042dd       0x84 ./Startup/startup_stm32f103c8tx.o

.debug_str      0x0000000000000000     0xf756
 .debug_str     0x0000000000000000     0xaab1 ./FreeRTOS/Source/list.o
                                       0xacd6 (size before relaxing)
 .debug_str     0x000000000000aab1     0x2e34 ./FreeRTOS/Source/tasks.o
                                       0xdb5b (size before relaxing)
 .debug_str     0x000000000000d8e5      0x6be ./FreeRTOS/Source/portable/GCC/ARM_CM3/port.o
                                       0x9736 (size before relaxing)
 .debug_str     0x000000000000dfa3      0x5dc ./FreeRTOS/Source/portable/MemMang/heap_4.o
                                       0xc500 (size before relaxing)
 .debug_str     0x000000000000e57f      0x136 ./Src/Common_function.o
                                       0x2e4c (size before relaxing)
 .debug_str     0x000000000000e6b5      0x89c ./Src/DIO_program.o
                                       0x36d4 (size before relaxing)
 .debug_str     0x000000000000ef51       0x63 ./Src/LED.o
                                       0x31ff (size before relaxing)
 .debug_str     0x000000000000efb4      0x552 ./Src/RCC_program.o
                                       0x3375 (size before relaxing)
 .debug_str     0x000000000000f506      0x1cc ./Src/STK_program.o
                                       0x2ff5 (size before relaxing)
 .debug_str     0x000000000000f6d2       0x53 ./Src/main.o
                                       0x94fd (size before relaxing)
 .debug_str     0x000000000000f725       0x31 ./Startup/startup_stm32f103c8tx.o
                                         0x7b (size before relaxing)

.comment        0x0000000000000000       0x50
 .comment       0x0000000000000000       0x50 ./FreeRTOS/Source/list.o
                                         0x51 (size before relaxing)
 .comment       0x0000000000000050       0x51 ./FreeRTOS/Source/tasks.o
 .comment       0x0000000000000050       0x51 ./FreeRTOS/Source/portable/GCC/ARM_CM3/port.o
 .comment       0x0000000000000050       0x51 ./FreeRTOS/Source/portable/MemMang/heap_4.o
 .comment       0x0000000000000050       0x51 ./Src/Common_function.o
 .comment       0x0000000000000050       0x51 ./Src/DIO_program.o
 .comment       0x0000000000000050       0x51 ./Src/LED.o
 .comment       0x0000000000000050       0x51 ./Src/RCC_program.o
 .comment       0x0000000000000050       0x51 ./Src/STK_program.o
 .comment       0x0000000000000050       0x51 ./Src/main.o

.debug_frame    0x0000000000000000      0xf40
 .debug_frame   0x0000000000000000       0xd8 ./FreeRTOS/Source/list.o
 .debug_frame   0x00000000000000d8      0x754 ./FreeRTOS/Source/tasks.o
 .debug_frame   0x000000000000082c      0x198 ./FreeRTOS/Source/portable/GCC/ARM_CM3/port.o
 .debug_frame   0x00000000000009c4      0x150 ./FreeRTOS/Source/portable/MemMang/heap_4.o
 .debug_frame   0x0000000000000b14       0x38 ./Src/Common_function.o
 .debug_frame   0x0000000000000b4c      0x100 ./Src/DIO_program.o
 .debug_frame   0x0000000000000c4c       0xa0 ./Src/LED.o
 .debug_frame   0x0000000000000cec       0x80 ./Src/RCC_program.o
 .debug_frame   0x0000000000000d6c      0x118 ./Src/STK_program.o
 .debug_frame   0x0000000000000e84       0x70 ./Src/main.o
 .debug_frame   0x0000000000000ef4       0x2c c:/st/stm32cubeide_1.12.1/stm32cubeide/plugins/com.st.stm32cube.ide.mcu.externaltools.gnu-tools-for-stm32.10.3-2021.10.win32_1.0.200.202301161003/tools/bin/../lib/gcc/arm-none-eabi/10.3.1/../../../../arm-none-eabi/lib/thumb/v7-m/nofp\libc_nano.a(lib_a-init.o)
 .debug_frame   0x0000000000000f20       0x20 c:/st/stm32cubeide_1.12.1/stm32cubeide/plugins/com.st.stm32cube.ide.mcu.externaltools.gnu-tools-for-stm32.10.3-2021.10.win32_1.0.200.202301161003/tools/bin/../lib/gcc/arm-none-eabi/10.3.1/../../../../arm-none-eabi/lib/thumb/v7-m/nofp\libc_nano.a(lib_a-memset.o)
