Archive member included to satisfy reference by file (symbol)

c:/st/stm32cubeide_1.12.1/stm32cubeide/plugins/com.st.stm32cube.ide.mcu.externaltools.gnu-tools-for-stm32.10.3-2021.10.win32_1.0.200.202301161003/tools/bin/../lib/gcc/arm-none-eabi/10.3.1/../../../../arm-none-eabi/lib/thumb/v7-m/nofp\libc_nano.a(lib_a-errno.o)
                              ./Src/syscalls.o (__errno)
c:/st/stm32cubeide_1.12.1/stm32cubeide/plugins/com.st.stm32cube.ide.mcu.externaltools.gnu-tools-for-stm32.10.3-2021.10.win32_1.0.200.202301161003/tools/bin/../lib/gcc/arm-none-eabi/10.3.1/../../../../arm-none-eabi/lib/thumb/v7-m/nofp\libc_nano.a(lib_a-exit.o)
                              c:/st/stm32cubeide_1.12.1/stm32cubeide/plugins/com.st.stm32cube.ide.mcu.externaltools.gnu-tools-for-stm32.10.3-2021.10.win32_1.0.200.202301161003/tools/bin/../lib/gcc/arm-none-eabi/10.3.1/../../../../arm-none-eabi/lib/thumb/v7-m/nofp/crt0.o (exit)
c:/st/stm32cubeide_1.12.1/stm32cubeide/plugins/com.st.stm32cube.ide.mcu.externaltools.gnu-tools-for-stm32.10.3-2021.10.win32_1.0.200.202301161003/tools/bin/../lib/gcc/arm-none-eabi/10.3.1/../../../../arm-none-eabi/lib/thumb/v7-m/nofp\libc_nano.a(lib_a-impure.o)
                              c:/st/stm32cubeide_1.12.1/stm32cubeide/plugins/com.st.stm32cube.ide.mcu.externaltools.gnu-tools-for-stm32.10.3-2021.10.win32_1.0.200.202301161003/tools/bin/../lib/gcc/arm-none-eabi/10.3.1/../../../../arm-none-eabi/lib/thumb/v7-m/nofp\libc_nano.a(lib_a-exit.o) (_global_impure_ptr)
c:/st/stm32cubeide_1.12.1/stm32cubeide/plugins/com.st.stm32cube.ide.mcu.externaltools.gnu-tools-for-stm32.10.3-2021.10.win32_1.0.200.202301161003/tools/bin/../lib/gcc/arm-none-eabi/10.3.1/../../../../arm-none-eabi/lib/thumb/v7-m/nofp\libc_nano.a(lib_a-init.o)
                              c:/st/stm32cubeide_1.12.1/stm32cubeide/plugins/com.st.stm32cube.ide.mcu.externaltools.gnu-tools-for-stm32.10.3-2021.10.win32_1.0.200.202301161003/tools/bin/../lib/gcc/arm-none-eabi/10.3.1/../../../../arm-none-eabi/lib/thumb/v7-m/nofp/crt0.o (__libc_init_array)
c:/st/stm32cubeide_1.12.1/stm32cubeide/plugins/com.st.stm32cube.ide.mcu.externaltools.gnu-tools-for-stm32.10.3-2021.10.win32_1.0.200.202301161003/tools/bin/../lib/gcc/arm-none-eabi/10.3.1/../../../../arm-none-eabi/lib/thumb/v7-m/nofp\libc_nano.a(lib_a-memcpy-stub.o)
                              ./FreeRTOS/Source/queue.o (memcpy)
c:/st/stm32cubeide_1.12.1/stm32cubeide/plugins/com.st.stm32cube.ide.mcu.externaltools.gnu-tools-for-stm32.10.3-2021.10.win32_1.0.200.202301161003/tools/bin/../lib/gcc/arm-none-eabi/10.3.1/../../../../arm-none-eabi/lib/thumb/v7-m/nofp\libc_nano.a(lib_a-memset.o)
                              c:/st/stm32cubeide_1.12.1/stm32cubeide/plugins/com.st.stm32cube.ide.mcu.externaltools.gnu-tools-for-stm32.10.3-2021.10.win32_1.0.200.202301161003/tools/bin/../lib/gcc/arm-none-eabi/10.3.1/../../../../arm-none-eabi/lib/thumb/v7-m/nofp/crt0.o (memset)

Discarded input sections

 .text          0x0000000000000000        0x0 c:/st/stm32cubeide_1.12.1/stm32cubeide/plugins/com.st.stm32cube.ide.mcu.externaltools.gnu-tools-for-stm32.10.3-2021.10.win32_1.0.200.202301161003/tools/bin/../lib/gcc/arm-none-eabi/10.3.1/thumb/v7-m/nofp/crti.o
 .data          0x0000000000000000        0x0 c:/st/stm32cubeide_1.12.1/stm32cubeide/plugins/com.st.stm32cube.ide.mcu.externaltools.gnu-tools-for-stm32.10.3-2021.10.win32_1.0.200.202301161003/tools/bin/../lib/gcc/arm-none-eabi/10.3.1/thumb/v7-m/nofp/crti.o
 .bss           0x0000000000000000        0x0 c:/st/stm32cubeide_1.12.1/stm32cubeide/plugins/com.st.stm32cube.ide.mcu.externaltools.gnu-tools-for-stm32.10.3-2021.10.win32_1.0.200.202301161003/tools/bin/../lib/gcc/arm-none-eabi/10.3.1/thumb/v7-m/nofp/crti.o
 .data          0x0000000000000000        0x4 c:/st/stm32cubeide_1.12.1/stm32cubeide/plugins/com.st.stm32cube.ide.mcu.externaltools.gnu-tools-for-stm32.10.3-2021.10.win32_1.0.200.202301161003/tools/bin/../lib/gcc/arm-none-eabi/10.3.1/thumb/v7-m/nofp/crtbegin.o
 .rodata        0x0000000000000000       0x24 c:/st/stm32cubeide_1.12.1/stm32cubeide/plugins/com.st.stm32cube.ide.mcu.externaltools.gnu-tools-for-stm32.10.3-2021.10.win32_1.0.200.202301161003/tools/bin/../lib/gcc/arm-none-eabi/10.3.1/thumb/v7-m/nofp/crtbegin.o
 .text          0x0000000000000000       0x7c c:/st/stm32cubeide_1.12.1/stm32cubeide/plugins/com.st.stm32cube.ide.mcu.externaltools.gnu-tools-for-stm32.10.3-2021.10.win32_1.0.200.202301161003/tools/bin/../lib/gcc/arm-none-eabi/10.3.1/../../../../arm-none-eabi/lib/thumb/v7-m/nofp/crt0.o
 .data          0x0000000000000000        0x0 c:/st/stm32cubeide_1.12.1/stm32cubeide/plugins/com.st.stm32cube.ide.mcu.externaltools.gnu-tools-for-stm32.10.3-2021.10.win32_1.0.200.202301161003/tools/bin/../lib/gcc/arm-none-eabi/10.3.1/../../../../arm-none-eabi/lib/thumb/v7-m/nofp/crt0.o
[...]
Memory Configuration

Name             Origin             Length             Attributes
RAM              0x0000000020000000 0x0000000000005000 xrw
FLASH            0x0000000008000000 0x0000000000010000 xr
*default*        0x0000000000000000 0xffffffffffffffff

Linker script and memory map

LOAD c:/st/stm32cubeide_1.12.1/stm32cubeide/plugins/com.st.stm32cube.ide.mcu.externaltools.gnu-tools-for-stm32.10.3-2021.10.win32_1.0.200.202301161003/tools/bin/../lib/gcc/arm-none-eabi/10.3.1/thumb/v7-m/nofp/crti.o
LOAD c:/st/stm32cubeide_1.12.1/stm32cubeide/plugins/com.st.stm32cube.ide.mcu.externaltools.gnu-tools-for-stm32.10.3-2021.10.win32_1.0.200.202301161003/tools/bin/../lib/gcc/arm-none-eabi/10.3.1/thumb/v7-m/nofp/crtbegin.o
LOAD c:/st/stm32cubeide_1.12.1/stm32cubeide/plugins/com.st.stm32cube.ide.mcu.externaltools.gnu-tools-for-stm32.10.3-2021.10.win32_1.0.200.202301161003/tools/bin/../lib/gcc/arm-none-eabi/10.3.1/../../../../arm-none-eabi/lib/thumb/v7-m/nofp/crt0.o
LOAD ./FreeRTOS/Source/croutine.o
LOAD ./FreeRTOS/Source/event_groups.o
LOAD ./FreeRTOS/Source/list.o
LOAD ./FreeRTOS/Source/queue.o
LOAD ./FreeRTOS/Source/stream_buffer.o
LOAD ./FreeRTOS/Source/tasks.o
LOAD ./FreeRTOS/Source/timers.o
LOAD ./FreeRTOS/Source/portable/GCC/ARM_CM3/port.o
LOAD ./FreeRTOS/Source/portable/MemMang/heap_4.o
LOAD ./Src/Common_function.o
LOAD ./Src/DIO_program.o
LOAD ./Src/LED.o
LOAD ./Src/RCC_program.o
LOAD ./Src/STK_program.o
LOAD ./Src/main.o
LOAD ./Src/syscalls.o
LOAD ./Src/sysmem.o
LOAD ./Startup/startup_stm32f103c8tx.o
START GROUP
LOAD c:/st/stm32cubeide_1.12.1/stm32cubeide/plugins/com.st.stm32cube.ide.mcu.externaltools.gnu-tools-for-stm32.10.3-2021.10.win32_1.0.200.202301161003/tools/bin/../lib/gcc/arm-none-eabi/10.3.1/../../../../arm-none-eabi/lib/thumb/v7-m/nofp\libc_nano.a
LOAD c:/st/stm32cubeide_1.12.1/stm32cubeide/plugins/com.st.stm32cube.ide.mcu.externaltools.gnu-tools-for-stm32.10.3-2021.10.win32_1.0.200.202301161003/tools/bin/../lib/gcc/arm-none-eabi/10.3.1/../../../../arm-none-eabi/lib/thumb/v7-m/nofp\libm.a
END GROUP
START GROUP
LOAD c:/st/stm32cubeide_1.12.1/stm32cubeide/plugins/com.st.stm32cube.ide.mcu.externaltools.gnu-tools-for-stm32.10.3-2021.10.win32_1.0.200.202301161003/tools/bin/../lib/gcc/arm-none-eabi/10.3.1/thumb/v7-m/nofp\libgcc.a
LOAD c:/st/stm32cubeide_1.12.1/stm32cubeide/plugins/com.st.stm32cube.ide.mcu.externaltools.gnu-tools-for-stm32.10.3-2021.10.win32_1.0.200.202301161003/tools/bin/../lib/gcc/arm-none-eabi/10.3.1/../../../../arm-none-eabi/lib/thumb/v7-m/nofp\libc_nano.a
END GROUP
START GROUP
LOAD c:/st/stm32cubeide_1.12.1/stm32cubeide/plugins/com.st.stm32cube.ide.mcu.externaltools.gnu-tools-for-stm32.10.3-2021.10.win32_1.0.200.202301161003/tools/bin/../lib/gcc/arm-none-eabi/10.3.1/thumb/v7-m/nofp\libgcc.a
LOAD c:/st/stm32cubeide_1.12.1/stm32cubeide/plugins/com.st.stm32cube.ide.mcu.externaltools.gnu-tools-for-stm32.10.3-2021.10.win32_1.0.200.202301161003/tools/bin/../lib/gcc/arm-none-eabi/10.3.1/../../../../arm-none-eabi/lib/thumb/v7-m/nofp\libc_nano.a
LOAD c:/st/stm32cubeide_1.12.1/stm32cubeide/plugins/com.st.stm32cube.ide.mcu.externaltools.gnu-tools-for-stm32.10.3-2021.10.win32_1.0.200.202301161003/tools/bin/../lib/gcc/arm-none-eabi/10.3.1/../../../../arm-none-eabi/lib/thumb/v7-m/nofp\libnosys.a
END GROUP
START GROUP
LOAD c:/st/stm32cubeide_1.12.1/stm32cubeide/plugins/com.st.stm32cube.ide.mcu.externaltools.gnu-tools-for-stm32.10.3-2021.10.win32_1.0.200.202301161003/tools/bin/../lib/gcc/arm-none-eabi/10.3.1/thumb/v7-m/nofp\libgcc.a
LOAD c:/st/stm32cubeide_1.12.1/stm32cubeide/plugins/com.st.stm32cube.ide.mcu.externaltools.gnu-tools-for-stm32.10.3-2021.10.win32_1.0.200.202301161003/tools/bin/../lib/gcc/arm-none-eabi/10.3.1/../../../../arm-none-eabi/lib/thumb/v7-m/nofp\libc_nano.a
LOAD c:/st/stm32cubeide_1.12.1/stm32cubeide/plugins/com.st.stm32cube.ide.mcu.externaltools.gnu-tools-for-stm32.10.3-2021.10.win32_1.0.200.202301161003/tools/bin/../lib/gcc/arm-none-eabi/10.3.1/../../../../arm-none-eabi/lib/thumb/v7-m/nofp\libnosys.a
END GROUP
LOAD c:/st/stm32cubeide_1.12.1/stm32cubeide/plugins/com.st.stm32cube.ide.mcu.externaltools.gnu-tools-for-stm32.10.3-2021.10.win32_1.0.200.202301161003/tools/bin/../lib/gcc/arm-none-eabi/10.3.1/thumb/v7-m/nofp/crtend.o
LOAD c:/st/stm32cubeide_1.12.1/stm32cubeide/plugins/com.st.stm32cube.ide.mcu.externaltools.gnu-tools-for-stm32.10.3-2021.10.win32_1.0.200.202301161003/tools/bin/../lib/gcc/arm-none-eabi/10.3.1/thumb/v7-m/nofp/crtn.o
                0x0000000020005000                _estack = (ORIGIN (RAM) + LENGTH (RAM))
                0x0000000000000200                _Min_Heap_Size = 0x200
                0x0000000000000400                _Min_Stack_Size = 0x400

.isr_vector     0x0000000008000000      0x130
                0x0000000008000000                . = ALIGN (0x4)
 *(.isr_vector)
 .isr_vector    0x0000000008000000      0x130 ./Startup/startup_stm32f103c8tx.o
                0x0000000008000000                g_pfnVectors
                0x0000000008000130                . = ALIGN (0x4)

.text           0x0000000008000130     0x16dc
                0x0000000008000130                . = ALIGN (0x4)
 *(.text)
 .text          0x0000000008000130       0x40 c:/st/stm32cubeide_1.12.1/stm32cubeide/plugins/com.st.stm32cube.ide.mcu.externaltools.gnu-tools-for-stm32.10.3-2021.10.win32_1.0.200.202301161003/tools/bin/../lib/gcc/arm-none-eabi/10.3.1/thumb/v7-m/nofp/crtbegin.o
 *(.text*)
 .text.vListInitialise
                0x0000000008000170       0x3e ./FreeRTOS/Source/list.o
                0x0000000008000170                vListInitialise
 .text.vListInitialiseItem
                0x00000000080001ae       0x18 ./FreeRTOS/Source/list.o
                0x00000000080001ae                vListInitialiseItem
 .text.vListInsert
                0x00000000080001c6       0x72 ./FreeRTOS/Source/list.o
                0x00000000080001c6                vListInsert
 .text.uxListRemove
                0x0000000008000238       0x52 ./FreeRTOS/Source/list.o
                0x0000000008000238                uxListRemove
 .text.xTaskCreate
                0x000000000800028a       0x8c ./FreeRTOS/Source/tasks.o
                0x000000000800028a                xTaskCreate
 .text.prvInitialiseNewTask
                0x0000000008000316      0x110 ./FreeRTOS/Source/tasks.o
 *fill*         0x0000000008000426        0x2 
 .text.prvAddNewTaskToReadyList
                0x0000000008000428      0x108 ./FreeRTOS/Source/tasks.o
 .text.vTaskDelay
                0x0000000008000530       0x6c ./FreeRTOS/Source/tasks.o
                0x0000000008000530                vTaskDelay
 .text.vTaskStartScheduler
                0x000000000800059c       0x98 ./FreeRTOS/Source/tasks.o
                0x000000000800059c                vTaskStartScheduler
 .text.vTaskSuspendAll
                0x0000000008000634       0x1c ./FreeRTOS/Source/tasks.o
                0x0000000008000634                vTaskSuspendAll
 .text.xTaskResumeAll
                0x0000000008000650      0x1dc ./FreeRTOS/Source/tasks.o
                0x0000000008000650                xTaskResumeAll
 .text.xTaskIncrementTick
                0x000000000800082c      0x1f0 ./FreeRTOS/Source/tasks.o
                0x000000000800082c                xTaskIncrementTick
 .text.vTaskSwitchContext
                0x0000000008000a1c       0xb4 ./FreeRTOS/Source/tasks.o
                0x0000000008000a1c                vTaskSwitchContext
 .text.prvIdleTask
                0x0000000008000ad0       0x24 ./FreeRTOS/Source/tasks.o
 .text.prvInitialiseTaskLists
                0x0000000008000af4       0x80 ./FreeRTOS/Source/tasks.o
 .text.prvCheckTasksWaitingTermination
                0x0000000008000b74       0x5c ./FreeRTOS/Source/tasks.o
 .text.prvDeleteTCB
                0x0000000008000bd0       0x20 ./FreeRTOS/Source/tasks.o
 .text.prvResetNextTaskUnblockTime
                0x0000000008000bf0       0x34 ./FreeRTOS/Source/tasks.o
 .text.prvAddCurrentTaskToDelayedList
                0x0000000008000c24      0x104 ./FreeRTOS/Source/tasks.o
 .text.pxPortInitialiseStack
                0x0000000008000d28       0x58 ./FreeRTOS/Source/portable/GCC/ARM_CM3/port.o
                0x0000000008000d28                pxPortInitialiseStack
 .text.prvTaskExitError
                0x0000000008000d80       0x58 ./FreeRTOS/Source/portable/GCC/ARM_CM3/port.o
 *fill*         0x0000000008000dd8        0x8 
 .text.SVC_Handler
                0x0000000008000de0       0x28 ./FreeRTOS/Source/portable/GCC/ARM_CM3/port.o
                0x0000000008000de0                SVC_Handler
 .text.prvPortStartFirstTask
                0x0000000008000e08       0x24 ./FreeRTOS/Source/portable/GCC/ARM_CM3/port.o
 .text.xPortStartScheduler
                0x0000000008000e2c       0xe4 ./FreeRTOS/Source/portable/GCC/ARM_CM3/port.o
                0x0000000008000e2c                xPortStartScheduler
 .text.vPortEnterCritical
                0x0000000008000f10       0x60 ./FreeRTOS/Source/portable/GCC/ARM_CM3/port.o
                0x0000000008000f10                vPortEnterCritical
 .text.vPortExitCritical
                0x0000000008000f70       0x50 ./FreeRTOS/Source/portable/GCC/ARM_CM3/port.o
                0x0000000008000f70                vPortExitCritical
 .text.PendSV_Handler
                0x0000000008000fc0       0x48 ./FreeRTOS/Source/portable/GCC/ARM_CM3/port.o
                0x0000000008000fc0                PendSV_Handler
 .text.SysTick_Handler
                0x0000000008001008       0x44 ./FreeRTOS/Source/portable/GCC/ARM_CM3/port.o
                0x0000000008001008                SysTick_Handler
 .text.vPortSetupTimerInterrupt
                0x000000000800104c       0x34 ./FreeRTOS/Source/portable/GCC/ARM_CM3/port.o
                0x000000000800104c                vPortSetupTimerInterrupt
 .text.pvPortMalloc
                0x0000000008001080      0x174 ./FreeRTOS/Source/portable/MemMang/heap_4.o
                0x0000000008001080                pvPortMalloc
 .text.vPortFree
                0x00000000080011f4       0xb8 ./FreeRTOS/Source/portable/MemMang/heap_4.o
                0x00000000080011f4                vPortFree
 .text.prvHeapInit
                0x00000000080012ac       0xb8 ./FreeRTOS/Source/portable/MemMang/heap_4.o
 .text.prvInsertBlockIntoFreeList
                0x0000000008001364       0xb0 ./FreeRTOS/Source/portable/MemMang/heap_4.o
 .text.DIO_voidSetPinDirection
                0x0000000008001414      0x1a4 ./Src/DIO_program.o
                0x0000000008001414                DIO_voidSetPinDirection
 .text.DIO_voidSetPinValue
                0x00000000080015b8       0xc0 ./Src/DIO_program.o
                0x00000000080015b8                DIO_voidSetPinValue
 .text.LED_on   0x0000000008001678       0x24 ./Src/LED.o
                0x0000000008001678                LED_on
 .text.LED_off  0x000000000800169c       0x24 ./Src/LED.o
                0x000000000800169c                LED_off
 .text.main     0x00000000080016c0       0x5c ./Src/main.o
                0x00000000080016c0                main
 .text.LedOn_code
                0x000000000800171c       0x12 ./Src/main.o
                0x000000000800171c                LedOn_code
 .text.LedOFF_code
                0x000000000800172e       0x1a ./Src/main.o
                0x000000000800172e                LedOFF_code
 .text.Reset_Handler
                0x0000000008001748       0x50 ./Startup/startup_stm32f103c8tx.o
                0x0000000008001748                Reset_Handler
 .text.Default_Handler
                0x0000000008001798        0x2 ./Startup/startup_stm32f103c8tx.o
                0x0000000008001798                EXTI2_IRQHandler
                0x0000000008001798                TIM8_TRG_COM_IRQHandler
                0x0000000008001798                TIM8_CC_IRQHandler
                0x0000000008001798                DebugMon_Handler
                0x0000000008001798                TIM1_CC_IRQHandler
                0x0000000008001798                HardFault_Handler
                0x0000000008001798                TIM6_IRQHandler
                0x0000000008001798                PVD_IRQHandler
                0x0000000008001798                SDIO_IRQHandler
                0x0000000008001798                NMI_Handler
                0x0000000008001798                EXTI3_IRQHandler
                0x0000000008001798                USB_HP_CAN_TX_IRQHandler
                0x0000000008001798                EXTI0_IRQHandler
                0x0000000008001798                I2C2_EV_IRQHandler
                0x0000000008001798                UsageFault_Handler
                0x0000000008001798                ADC1_2_IRQHandler
                0x0000000008001798                SPI1_IRQHandler
                0x0000000008001798                CAN_SCE_IRQHandler
                0x0000000008001798                TAMPER_IRQHandler
                0x0000000008001798                TIM8_UP_IRQHandler
                0x0000000008001798                DMA2_Channel2_IRQHandler
                0x0000000008001798                DMA1_Channel4_IRQHandler
                0x0000000008001798                USART3_IRQHandler
                0x0000000008001798                RTC_IRQHandler
                0x0000000008001798                DMA1_Channel7_IRQHandler
                0x0000000008001798                UART5_IRQHandler
                0x0000000008001798                ADC3_IRQHandler
                0x0000000008001798                TIM4_IRQHandler
                0x0000000008001798                CAN_RX1_IRQHandler
                0x0000000008001798                DMA2_Channel1_IRQHandler
                0x0000000008001798                I2C1_EV_IRQHandler
                0x0000000008001798                DMA1_Channel6_IRQHandler
                0x0000000008001798                UART4_IRQHandler
                0x0000000008001798                TIM3_IRQHandler
                0x0000000008001798                RCC_IRQHandler
                0x0000000008001798                TIM1_TRG_COM_IRQHandler
                0x0000000008001798                DMA1_Channel1_IRQHandler
                0x0000000008001798                Default_Handler
                0x0000000008001798                EXTI15_10_IRQHandler
                0x0000000008001798                TIM7_IRQHandler
                0x0000000008001798                TIM5_IRQHandler
                0x0000000008001798                EXTI9_5_IRQHandler
                0x0000000008001798                SPI2_IRQHandler
                0x0000000008001798                USB_LP_CAN_RX0_IRQHandler
                0x0000000008001798                MemManage_Handler
                0x0000000008001798                DMA1_Channel5_IRQHandler
                0x0000000008001798                EXTI4_IRQHandler
                0x0000000008001798                DMA1_Channel3_IRQHandler
                0x0000000008001798                FSMC_IRQHandler
                0x0000000008001798                TIM1_UP_IRQHandler
                0x0000000008001798                WWDG_IRQHandler
                0x0000000008001798                TIM2_IRQHandler
                0x0000000008001798                TIM1_BRK_IRQHandler
                0x0000000008001798                EXTI1_IRQHandler
                0x0000000008001798                RTCAlarm_IRQHandler
                0x0000000008001798                DMA2_Channel4_5_IRQHandler
                0x0000000008001798                USART2_IRQHandler
                0x0000000008001798                I2C2_ER_IRQHandler
                0x0000000008001798                DMA1_Channel2_IRQHandler
                0x0000000008001798                TIM8_BRK_IRQHandler
                0x0000000008001798                FLASH_IRQHandler
                0x0000000008001798                BusFault_Handler
                0x0000000008001798                USART1_IRQHandler
                0x0000000008001798                SPI3_IRQHandler
                0x0000000008001798                I2C1_ER_IRQHandler
                0x0000000008001798                DMA2_Channel3_IRQHandler
 *fill*         0x000000000800179a        0x2 
 .text.__libc_init_array
                0x000000000800179c       0x48 c:/st/stm32cubeide_1.12.1/stm32cubeide/plugins/com.st.stm32cube.ide.mcu.externaltools.gnu-tools-for-stm32.10.3-2021.10.win32_1.0.200.202301161003/tools/bin/../lib/gcc/arm-none-eabi/10.3.1/../../../../arm-none-eabi/lib/thumb/v7-m/nofp\libc_nano.a(lib_a-init.o)
                0x000000000800179c                __libc_init_array
 .text.memset   0x00000000080017e4       0x10 c:/st/stm32cubeide_1.12.1/stm32cubeide/plugins/com.st.stm32cube.ide.mcu.externaltools.gnu-tools-for-stm32.10.3-2021.10.win32_1.0.200.202301161003/tools/bin/../lib/gcc/arm-none-eabi/10.3.1/../../../../arm-none-eabi/lib/thumb/v7-m/nofp\libc_nano.a(lib_a-memset.o)
                0x00000000080017e4                memset
 *(.glue_7)
 .glue_7        0x00000000080017f4        0x0 linker stubs
 *(.glue_7t)
 .glue_7t       0x00000000080017f4        0x0 linker stubs
 *(.eh_frame)
 .eh_frame      0x00000000080017f4        0x0 c:/st/stm32cubeide_1.12.1/stm32cubeide/plugins/com.st.stm32cube.ide.mcu.externaltools.gnu-tools-for-stm32.10.3-2021.10.win32_1.0.200.202301161003/tools/bin/../lib/gcc/arm-none-eabi/10.3.1/thumb/v7-m/nofp/crtbegin.o
 *(.init)
 .init          0x00000000080017f4        0x4 c:/st/stm32cubeide_1.12.1/stm32cubeide/plugins/com.st.stm32cube.ide.mcu.externaltools.gnu-tools-for-stm32.10.3-2021.10.win32_1.0.200.202301161003/tools/bin/../lib/gcc/arm-none-eabi/10.3.1/thumb/v7-m/nofp/crti.o
                0x00000000080017f4                _init
 .init          0x00000000080017f8        0x8 c:/st/stm32cubeide_1.12.1/stm32cubeide/plugins/com.st.stm32cube.ide.mcu.externaltools.gnu-tools-for-stm32.10.3-2021.10.win32_1.0.200.202301161003/tools/bin/../lib/gcc/arm-none-eabi/10.3.1/thumb/v7-m/nofp/crtn.o
 *(.fini)
 .fini          0x0000000008001800        0x4 c:/st/stm32cubeide_1.12.1/stm32cubeide/plugins/com.st.stm32cube.ide.mcu.externaltools.gnu-tools-for-stm32.10.3-2021.10.win32_1.0.200.202301161003/tools/bin/../lib/gcc/arm-none-eabi/10.3.1/thumb/v7-m/nofp/crti.o
                0x0000000008001800                _fini
 .fini          0x0000000008001804        0x8 c:/st/stm32cubeide_1.12.1/stm32cubeide/plugins/com.st.stm32cube.ide.mcu.externaltools.gnu-tools-for-stm32.10.3-2021.10.win32_1.0.200.202301161003/tools/bin/../lib/gcc/arm-none-eabi/10.3.1/thumb/v7-m/nofp/crtn.o
                0x000000000800180c                . = ALIGN (0x4)
                0x000000000800180c                _etext = .

.vfp11_veneer   0x000000000800180c        0x0
 .vfp11_veneer  0x000000000800180c        0x0 linker stubs

.v4_bx          0x000000000800180c        0x0
 .v4_bx         0x000000000800180c        0x0 linker stubs

.iplt           0x000000000800180c        0x0
 .iplt          0x000000000800180c        0x0 c:/st/stm32cubeide_1.12.1/stm32cubeide/plugins/com.st.stm32cube.ide.mcu.externaltools.gnu-tools-for-stm32.10.3-2021.10.win32_1.0.200.202301161003/tools/bin/../lib/gcc/arm-none-eabi/10.3.1/thumb/v7-m/nofp/crtbegin.o

.rodata         0x000000000800180c       0x18
                0x000000000800180c                . = ALIGN (0x4)
 *(.rodata)
 .rodata        0x000000000800180c        0x5 ./FreeRTOS/Source/tasks.o
 *fill*         0x0000000008001811        0x3 
 .rodata        0x0000000008001814        0xe ./Src/main.o
 *(.rodata*)
                0x0000000008001824                . = ALIGN (0x4)
 *fill*         0x0000000008001822        0x2 

.rel.dyn        0x0000000008001824        0x0
 .rel.iplt      0x0000000008001824        0x0 c:/st/stm32cubeide_1.12.1/stm32cubeide/plugins/com.st.stm32cube.ide.mcu.externaltools.gnu-tools-for-stm32.10.3-2021.10.win32_1.0.200.202301161003/tools/bin/../lib/gcc/arm-none-eabi/10.3.1/thumb/v7-m/nofp/crtbegin.o

.ARM.extab      0x0000000008001824        0x0
                0x0000000008001824                . = ALIGN (0x4)
 *(.ARM.extab* .gnu.linkonce.armextab.*)
                0x0000000008001824                . = ALIGN (0x4)

.ARM            0x0000000008001824        0x0
                0x0000000008001824                . = ALIGN (0x4)
                0x0000000008001824                __exidx_start = .
 *(.ARM.exidx*)
                0x0000000008001824                __exidx_end = .
                0x0000000008001824                . = ALIGN (0x4)

.preinit_array  0x0000000008001824        0x0
                0x0000000008001824                . = ALIGN (0x4)
                0x0000000008001824                PROVIDE (__preinit_array_start = .)
 *(.preinit_array*)
                0x0000000008001824                PROVIDE (__preinit_array_end = .)
                0x0000000008001824                . = ALIGN (0x4)

.init_array     0x0000000008001824        0x4
                0x0000000008001824                . = ALIGN (0x4)
                0x0000000008001824                PROVIDE (__init_array_start = .)
 *(SORT_BY_NAME(.init_array.*))
 *(.init_array*)
 .init_array    0x0000000008001824        0x4 c:/st/stm32cubeide_1.12.1/stm32cubeide/plugins/com.st.stm32cube.ide.mcu.externaltools.gnu-tools-for-stm32.10.3-2021.10.win32_1.0.200.202301161003/tools/bin/../lib/gcc/arm-none-eabi/10.3.1/thumb/v7-m/nofp/crtbegin.o
                0x0000000008001828                PROVIDE (__init_array_end = .)
                0x0000000008001828                . = ALIGN (0x4)

.fini_array     0x0000000008001828        0x4
                0x0000000008001828                . = ALIGN (0x4)
                [!provide]                        PROVIDE (__fini_array_start = .)
 *(SORT_BY_NAME(.fini_array.*))
 *(.fini_array*)
 .fini_array    0x0000000008001828        0x4 c:/st/stm32cubeide_1.12.1/stm32cubeide/plugins/com.st.stm32cube.ide.mcu.externaltools.gnu-tools-for-stm32.10.3-2021.10.win32_1.0.200.202301161003/tools/bin/../lib/gcc/arm-none-eabi/10.3.1/thumb/v7-m/nofp/crtbegin.o
                [!provide]                        PROVIDE (__fini_array_end = .)
                0x000000000800182c                . = ALIGN (0x4)
                0x000000000800182c                _sidata = LOADADDR (.data)

.data           0x0000000020000000        0x8 load address 0x000000000800182c
                0x0000000020000000                . = ALIGN (0x4)
                0x0000000020000000                _sdata = .
 *(.data)
 *(.data*)
 .data.uxTopUsedPriority
                0x0000000020000000        0x4 ./FreeRTOS/Source/tasks.o
                0x0000000020000000                uxTopUsedPriority
 .data.uxCriticalNesting
                0x0000000020000004        0x4 ./FreeRTOS/Source/portable/GCC/ARM_CM3/port.o
 *(.RamFunc)
 *(.RamFunc*)
                0x0000000020000008                . = ALIGN (0x4)
                0x0000000020000008                _edata = .

.igot.plt       0x0000000020000008        0x0 load address 0x0000000008001834
 .igot.plt      0x0000000020000008        0x0 c:/st/stm32cubeide_1.12.1/stm32cubeide/plugins/com.st.stm32cube.ide.mcu.externaltools.gnu-tools-for-stm32.10.3-2021.10.win32_1.0.200.202301161003/tools/bin/../lib/gcc/arm-none-eabi/10.3.1/thumb/v7-m/nofp/crtbegin.o
                0x0000000020000008                . = ALIGN (0x4)

.bss            0x0000000020000008     0x214c load address 0x0000000008001834
                0x0000000020000008                _sbss = .
                0x0000000020000008                __bss_start__ = _sbss
 *(.bss)
 .bss           0x0000000020000008       0x1c c:/st/stm32cubeide_1.12.1/stm32cubeide/plugins/com.st.stm32cube.ide.mcu.externaltools.gnu-tools-for-stm32.10.3-2021.10.win32_1.0.200.202301161003/tools/bin/../lib/gcc/arm-none-eabi/10.3.1/thumb/v7-m/nofp/crtbegin.o
 *(.bss*)
 .bss.pxCurrentTCB
                0x0000000020000024        0x4 ./FreeRTOS/Source/tasks.o
                0x0000000020000024                pxCurrentTCB
 .bss.pxReadyTasksLists
                0x0000000020000028       0x64 ./FreeRTOS/Source/tasks.o
 .bss.xDelayedTaskList1
                0x000000002000008c       0x14 ./FreeRTOS/Source/tasks.o
 .bss.xDelayedTaskList2
                0x00000000200000a0       0x14 ./FreeRTOS/Source/tasks.o
 .bss.pxDelayedTaskList
                0x00000000200000b4        0x4 ./FreeRTOS/Source/tasks.o
 .bss.pxOverflowDelayedTaskList
                0x00000000200000b8        0x4 ./FreeRTOS/Source/tasks.o
 .bss.xPendingReadyList
                0x00000000200000bc       0x14 ./FreeRTOS/Source/tasks.o
 .bss.xTasksWaitingTermination
                0x00000000200000d0       0x14 ./FreeRTOS/Source/tasks.o
 .bss.uxDeletedTasksWaitingCleanUp
                0x00000000200000e4        0x4 ./FreeRTOS/Source/tasks.o
 .bss.xSuspendedTaskList
                0x00000000200000e8       0x14 ./FreeRTOS/Source/tasks.o
 .bss.uxCurrentNumberOfTasks
                0x00000000200000fc        0x4 ./FreeRTOS/Source/tasks.o
 .bss.xTickCount
                0x0000000020000100        0x2 ./FreeRTOS/Source/tasks.o
 *fill*         0x0000000020000102        0x2 
 .bss.uxTopReadyPriority
                0x0000000020000104        0x4 ./FreeRTOS/Source/tasks.o
 .bss.xSchedulerRunning
                0x0000000020000108        0x4 ./FreeRTOS/Source/tasks.o
 .bss.xPendedTicks
                0x000000002000010c        0x2 ./FreeRTOS/Source/tasks.o
 *fill*         0x000000002000010e        0x2 
 .bss.xYieldPending
                0x0000000020000110        0x4 ./FreeRTOS/Source/tasks.o
 .bss.xNumOfOverflows
                0x0000000020000114        0x4 ./FreeRTOS/Source/tasks.o
 .bss.uxTaskNumber
                0x0000000020000118        0x4 ./FreeRTOS/Source/tasks.o
 .bss.xNextTaskUnblockTime
                0x000000002000011c        0x2 ./FreeRTOS/Source/tasks.o
 *fill*         0x000000002000011e        0x2 
 .bss.xIdleTaskHandle
                0x0000000020000120        0x4 ./FreeRTOS/Source/tasks.o
 .bss.uxSchedulerSuspended
                0x0000000020000124        0x4 ./FreeRTOS/Source/tasks.o
 .bss.ucMaxSysCallPriority
                0x0000000020000128        0x1 ./FreeRTOS/Source/portable/GCC/ARM_CM3/port.o
 *fill*         0x0000000020000129        0x3 
 .bss.ulMaxPRIGROUPValue
                0x000000002000012c        0x4 ./FreeRTOS/Source/portable/GCC/ARM_CM3/port.o
 .bss.ucHeap    0x0000000020000130     0x2000 ./FreeRTOS/Source/portable/MemMang/heap_4.o
 .bss.xStart    0x0000000020002130        0x8 ./FreeRTOS/Source/portable/MemMang/heap_4.o
 .bss.pxEnd     0x0000000020002138        0x4 ./FreeRTOS/Source/portable/MemMang/heap_4.o
 .bss.xFreeBytesRemaining
                0x000000002000213c        0x4 ./FreeRTOS/Source/portable/MemMang/heap_4.o
 .bss.xMinimumEverFreeBytesRemaining
                0x0000000020002140        0x4 ./FreeRTOS/Source/portable/MemMang/heap_4.o
 .bss.xNumberOfSuccessfulAllocations
                0x0000000020002144        0x4 ./FreeRTOS/Source/portable/MemMang/heap_4.o
 .bss.xNumberOfSuccessfulFrees
                0x0000000020002148        0x4 ./FreeRTOS/Source/portable/MemMang/heap_4.o
 .bss.Task1Hand
                0x000000002000214c        0x4 ./Src/main.o
                0x000000002000214c                Task1Hand
 .bss.Task2Hand
                0x0000000020002150        0x4 ./Src/main.o
                0x0000000020002150                Task2Hand
 *(COMMON)
                0x0000000020002154                . = ALIGN (0x4)
                0x0000000020002154                _ebss = .
                0x0000000020002154                __bss_end__ = _ebss

._user_heap_stack
                0x0000000020002154      0x604 load address 0x0000000008001834
                0x0000000020002158                . = ALIGN (0x8)
 *fill*         0x0000000020002154        0x4 
                [!provide]                        PROVIDE (end = .)
                0x0000000020002158                PROVIDE (_end = .)
                0x0000000020002358                . = (. + _Min_Heap_Size)
 *fill*         0x0000000020002158      0x200 
                0x0000000020002758                . = (. + _Min_Stack_Size)
 *fill*         0x0000000020002358      0x400 
                0x0000000020002758                . = ALIGN (0x8)

/DISCARD/
 libc.a(*)
 libm.a(*)
 libgcc.a(*)

.ARM.attributes
                0x0000000000000000       0x29
 *(.ARM.attributes)
 .ARM.attributes
                0x0000000000000000       0x1d c:/st/stm32cubeide_1.12.1/stm32cubeide/plugins/com.st.stm32cube.ide.mcu.externaltools.gnu-tools-for-stm32.10.3-2021.10.win32_1.0.200.202301161003/tools/bin/../lib/gcc/arm-none-eabi/10.3.1/thumb/v7-m/nofp/crti.o
 .ARM.attributes
                0x000000000000001d       0x2d c:/st/stm32cubeide_1.12.1/stm32cubeide/plugins/com.st.stm32cube.ide.mcu.externaltools.gnu-tools-for-stm32.10.3-2021.10.win32_1.0.200.202301161003/tools/bin/../lib/gcc/arm-none-eabi/10.3.1/thumb/v7-m/nofp/crtbegin.o
 .ARM.attributes
                0x000000000000004a       0x2d ./FreeRTOS/Source/list.o
 .ARM.attributes
                0x0000000000000077       0x2d ./FreeRTOS/Source/tasks.o
 .ARM.attributes
                0x00000000000000a4       0x2d ./FreeRTOS/Source/portable/GCC/ARM_CM3/port.o
 .ARM.attributes
                0x00000000000000d1       0x2d ./FreeRTOS/Source/portable/MemMang/heap_4.o
 .ARM.attributes
                0x00000000000000fe       0x2d ./Src/DIO_program.o
 .ARM.attributes
                0x000000000000012b       0x2d ./Src/LED.o
 .ARM.attributes
                0x0000000000000158       0x2d ./Src/main.o
 .ARM.attributes
                0x0000000000000185       0x21 ./Startup/startup_stm32f103c8tx.o
 .ARM.attributes
                0x00000000000001a6       0x2d c:/st/stm32cubeide_1.12.1/stm32cubeide/plugins/com.st.stm32cube.ide.mcu.externaltools.gnu-tools-for-stm32.10.3-2021.10.win32_1.0.200.202301161003/tools/bin/../lib/gcc/arm-none-eabi/10.3.1/../../../../arm-none-eabi/lib/thumb/v7-m/nofp\libc_nano.a(lib_a-init.o)
 .ARM.attributes
                0x00000000000001d3       0x2d c:/st/stm32cubeide_1.12.1/stm32cubeide/plugins/com.st.stm32cube.ide.mcu.externaltools.gnu-tools-for-stm32.10.3-2021.10.win32_1.0.200.202301161003/tools/bin/../lib/gcc/arm-none-eabi/10.3.1/../../../../arm-none-eabi/lib/thumb/v7-m/nofp\libc_nano.a(lib_a-memset.o)
 .ARM.attributes
                0x0000000000000200       0x1d c:/st/stm32cubeide_1.12.1/stm32cubeide/plugins/com.st.stm32cube.ide.mcu.externaltools.gnu-tools-for-stm32.10.3-2021.10.win32_1.0.200.202301161003/tools/bin/../lib/gcc/arm-none-eabi/10.3.1/thumb/v7-m/nofp/crtn.o
OUTPUT(RTOS_NowWeKnowTheDispatcher_lab003.elf elf32-littlearm)
LOAD linker stubs
LOAD c:/st/stm32cubeide_1.12.1/stm32cubeide/plugins/com.st.stm32cube.ide.mcu.externaltools.gnu-tools-for-stm32.10.3-2021.10.win32_1.0.200.202301161003/tools/bin/../lib/gcc/arm-none-eabi/10.3.1/../../../../arm-none-eabi/lib/thumb/v7-m/nofp\libc.a
LOAD c:/st/stm32cubeide_1.12.1/stm32cubeide/plugins/com.st.stm32cube.ide.mcu.externaltools.gnu-tools-for-stm32.10.3-2021.10.win32_1.0.200.202301161003/tools/bin/../lib/gcc/arm-none-eabi/10.3.1/../../../../arm-none-eabi/lib/thumb/v7-m/nofp\libm.a
LOAD c:/st/stm32cubeide_1.12.1/stm32cubeide/plugins/com.st.stm32cube.ide.mcu.externaltools.gnu-tools-for-stm32.10.3-2021.10.win32_1.0.200.202301161003/tools/bin/../lib/gcc/arm-none-eabi/10.3.1/thumb/v7-m/nofp\libgcc.a

.debug_info     0x0000000000000000     0x33bb
 .debug_info    0x0000000000000000      0x2d1 ./FreeRTOS/Source/list.o
 .debug_info    0x00000000000002d1     0x2123 ./FreeRTOS/Source/tasks.o
 .debug_info    0x00000000000023f4      0x4c3 ./FreeRTOS/Source/portable/GCC/ARM_CM3/port.o
 .debug_info    0x00000000000028b7      0x56e ./FreeRTOS/Source/portable/MemMang/heap_4.o
 .debug_info    0x0000000000002e25      0x165 ./Src/DIO_program.o
 .debug_info    0x0000000000002f8a      0x19a ./Src/LED.o
 .debug_info    0x0000000000003124      0x275 ./Src/main.o
 .debug_info    0x0000000000003399       0x22 ./Startup/startup_stm32f103c8tx.o

.debug_abbrev   0x0000000000000000      0xb87
 .debug_abbrev  0x0000000000000000       0xf2 ./FreeRTOS/Source/list.o
 .debug_abbrev  0x00000000000000f2      0x33b ./FreeRTOS/Source/tasks.o
 .debug_abbrev  0x000000000000042d      0x244 ./FreeRTOS/Source/portable/GCC/ARM_CM3/port.o
 .debug_abbrev  0x0000000000000671      0x24e ./FreeRTOS/Source/portable/MemMang/heap_4.o
 .debug_abbrev  0x00000000000008bf       0xc1 ./Src/DIO_program.o
 .debug_abbrev  0x0000000000000980       0x94 ./Src/LED.o
 .debug_abbrev  0x0000000000000a14      0x161 ./Src/main.o
 .debug_abbrev  0x0000000000000b75       0x12 ./Startup/startup_stm32f103c8tx.o

.debug_aranges  0x0000000000000000      0x388
 .debug_aranges
                0x0000000000000000       0x40 ./FreeRTOS/Source/list.o
 .debug_aranges
                0x0000000000000040      0x1b0 ./FreeRTOS/Source/tasks.o
 .debug_aranges
                0x00000000000001f0       0x78 ./FreeRTOS/Source/portable/GCC/ARM_CM3/port.o
 .debug_aranges
                0x0000000000000268       0x60 ./FreeRTOS/Source/portable/MemMang/heap_4.o
 .debug_aranges
                0x00000000000002c8       0x30 ./Src/DIO_program.o
 .debug_aranges
                0x00000000000002f8       0x38 ./Src/LED.o
 .debug_aranges
                0x0000000000000330       0x30 ./Src/main.o
 .debug_aranges
                0x0000000000000360       0x28 ./Startup/startup_stm32f103c8tx.o

.debug_ranges   0x0000000000000000      0x310
 .debug_ranges  0x0000000000000000       0x30 ./FreeRTOS/Source/list.o
 .debug_ranges  0x0000000000000030      0x1a0 ./FreeRTOS/Source/tasks.o
 .debug_ranges  0x00000000000001d0       0x68 ./FreeRTOS/Source/portable/GCC/ARM_CM3/port.o
 .debug_ranges  0x0000000000000238       0x50 ./FreeRTOS/Source/portable/MemMang/heap_4.o
 .debug_ranges  0x0000000000000288       0x20 ./Src/DIO_program.o
 .debug_ranges  0x00000000000002a8       0x28 ./Src/LED.o
 .debug_ranges  0x00000000000002d0       0x20 ./Src/main.o
 .debug_ranges  0x00000000000002f0       0x20 ./Startup/startup_stm32f103c8tx.o

.debug_macro    0x0000000000000000      0xb14
 .debug_macro   0x0000000000000000      0x198 ./FreeRTOS/Source/list.o
 .debug_macro   0x0000000000000198      0x27e ./FreeRTOS/Source/tasks.o
 .debug_macro   0x0000000000000416       0x17 ./FreeRTOS/Source/tasks.o
 .debug_macro   0x000000000000042d      0x183 ./FreeRTOS/Source/portable/GCC/ARM_CM3/port.o
 .debug_macro   0x00000000000005b0      0x219 ./FreeRTOS/Source/portable/MemMang/heap_4.o
 .debug_macro   0x00000000000007c9       0x4d ./Src/DIO_program.o
 .debug_macro   0x0000000000000816       0x22 ./Src/DIO_program.o
 .debug_macro   0x0000000000000838      0x10c ./Src/DIO_program.o
 .debug_macro   0x0000000000000944       0x6a ./Src/DIO_program.o
 .debug_macro   0x00000000000009ae       0x4e ./Src/LED.o
 .debug_macro   0x00000000000009fc       0x16 ./Src/LED.o
 .debug_macro   0x0000000000000a12      0x102 ./Src/main.o

.debug_line     0x0000000000000000     0x3efe
 .debug_line    0x0000000000000000      0x7cc ./FreeRTOS/Source/list.o
 .debug_line    0x00000000000007cc     0x1ad7 ./FreeRTOS/Source/tasks.o
 .debug_line    0x00000000000022a3      0x84e ./FreeRTOS/Source/portable/GCC/ARM_CM3/port.o
 .debug_line    0x0000000000002af1      0xa50 ./FreeRTOS/Source/portable/MemMang/heap_4.o
 .debug_line    0x0000000000003541      0x24e ./Src/DIO_program.o
 .debug_line    0x000000000000378f       0xf8 ./Src/LED.o
 .debug_line    0x0000000000003887      0x5f3 ./Src/main.o
 .debug_line    0x0000000000003e7a       0x84 ./Startup/startup_stm32f103c8tx.o

.debug_str      0x0000000000000000     0xef8f
 .debug_str     0x0000000000000000     0xab1f ./FreeRTOS/Source/list.o
                                       0xad44 (size before relaxing)
 .debug_str     0x000000000000ab1f     0x2e19 ./FreeRTOS/Source/tasks.o
                                       0xdbae (size before relaxing)
 .debug_str     0x000000000000d938      0x6be ./FreeRTOS/Source/portable/GCC/ARM_CM3/port.o
                                       0x97b8 (size before relaxing)
 .debug_str     0x000000000000dff6      0x5dc ./FreeRTOS/Source/portable/MemMang/heap_4.o
                                       0xc582 (size before relaxing)
 .debug_str     0x000000000000e5d2      0x7af ./Src/DIO_program.o
                                       0x34f0 (size before relaxing)
 .debug_str     0x000000000000ed81      0x16d ./Src/LED.o
                                       0x356b (size before relaxing)
 .debug_str     0x000000000000eeee       0x70 ./Src/main.o
                                       0x9724 (size before relaxing)
 .debug_str     0x000000000000ef5e       0x31 ./Startup/startup_stm32f103c8tx.o
                                         0x92 (size before relaxing)

.comment        0x0000000000000000       0x50
 .comment       0x0000000000000000       0x50 ./FreeRTOS/Source/list.o
                                         0x51 (size before relaxing)
 .comment       0x0000000000000050       0x51 ./FreeRTOS/Source/tasks.o
 .comment       0x0000000000000050       0x51 ./FreeRTOS/Source/portable/GCC/ARM_CM3/port.o
 .comment       0x0000000000000050       0x51 ./FreeRTOS/Source/portable/MemMang/heap_4.o
 .comment       0x0000000000000050       0x51 ./Src/DIO_program.o
 .comment       0x0000000000000050       0x51 ./Src/LED.o
 .comment       0x0000000000000050       0x51 ./Src/main.o

.debug_frame    0x0000000000000000      0xcf8
 .debug_frame   0x0000000000000000       0xd8 ./FreeRTOS/Source/list.o
 .debug_frame   0x00000000000000d8      0x750 ./FreeRTOS/Source/tasks.o
 .debug_frame   0x0000000000000828      0x198 ./FreeRTOS/Source/portable/GCC/ARM_CM3/port.o
 .debug_frame   0x00000000000009c0      0x150 ./FreeRTOS/Source/portable/MemMang/heap_4.o
 .debug_frame   0x0000000000000b10       0x88 ./Src/DIO_program.o
 .debug_frame   0x0000000000000b98       0xa0 ./Src/LED.o
 .debug_frame   0x0000000000000c38       0x74 ./Src/main.o
 .debug_frame   0x0000000000000cac       0x2c c:/st/stm32cubeide_1.12.1/stm32cubeide/plugins/com.st.stm32cube.ide.mcu.externaltools.gnu-tools-for-stm32.10.3-2021.10.win32_1.0.200.202301161003/tools/bin/../lib/gcc/arm-none-eabi/10.3.1/../../../../arm-none-eabi/lib/thumb/v7-m/nofp\libc_nano.a(lib_a-init.o)
 .debug_frame   0x0000000000000cd8       0x20 c:/st/stm32cubeide_1.12.1/stm32cubeide/plugins/com.st.stm32cube.ide.mcu.externaltools.gnu-tools-for-stm32.10.3-2021.10.win32_1.0.200.202301161003/tools/bin/../lib/gcc/arm-none-eabi/10.3.1/../../../../arm-none-eabi/lib/thumb/v7-m/nofp\libc_nano.a(lib_a-memset.o)
